Split sizes: {'context': 375, 'compile': 125, 'validation': 62, 'test': 63}
Teacher compile: 0.74s
Teacher validation: 0.18s
Teacher test: 0.18s
{"method": "full", "rows": 375, "seed": 42, "compression": 1.0, "N": 375, "d": 4, "K": 3, "context_class_counts": [29, 173, 173], "compile": {"kl": 0.0, "js": 0.0, "agreement": 1.0, "accuracy": 1.0, "log_loss": 0.046218808740377426, "roc_auc": 1.0}, "validation": {"kl": 0.0, "js": 0.0, "agreement": 1.0, "accuracy": 0.9838709677419355, "log_loss": 0.09293927252292633, "roc_auc": 0.9931071147042109}, "test": {"kl": 0.0, "js": 0.0, "agreement": 1.0, "accuracy": 1.0, "log_loss": 0.05745541676878929, "roc_auc": 1.0}, "generalization_gap_validation": 0.0, "generalization_gap_test": 0.0, "test_latency_seconds_median": 0.12056575005408376, "test_latency_seconds_samples": [0.12048545805737376, 0.12056575005408376, 0.12241579103283584], "process_peak_rss_bytes": 2284765184}
{"method": "stratified", "rows": 8, "seed": 42, "compression": 46.875, "N": 375, "d": 4, "K": 3, "context_class_counts": [0, 4, 4], "compile": {"kl": 1.183075189590454, "js": 0.21679408848285675, "agreement": 0.5839999914169312, "accuracy": 0.584, "log_loss": 1.4120628833770752, "roc_auc": 0.6400333666323039}, "validation": {"kl": 1.304497241973877, "js": 0.2134741246700287, "agreement": 0.6612903475761414, "accuracy": 0.6612903225806451, "log_loss": 1.3959711790084839, "roc_auc": 0.7547809185820289}, "test": {"kl": 1.1874182224273682, "js": 0.2042766660451889, "agreement": 0.761904776096344, "accuracy": 0.7619047619047619, "log_loss": 1.3554383516311646, "roc_auc": 0.7407369844489521}, "generalization_gap_validation": 0.12142205238342285, "generalization_gap_test": 0.0043430328369140625, "test_latency_seconds_median": 0.04845291597303003, "test_latency_seconds_samples": [0.047753916936926544, 0.048719958984293044, 0.04845291597303003], "process_peak_rss_bytes": 2284765184}
Gradients m=8: {'X': 0.02502221055328846, 'y': None}
m=8 seed=42 stratified step=10 compile KL=1.143894 elapsed=2.3s
m=8 seed=42 stratified step=20 compile KL=1.146903 elapsed=4.0s
m=8 seed=42 stratified step=30 compile KL=1.103605 elapsed=5.7s
m=8 seed=42 stratified step=40 compile KL=1.057240 elapsed=7.4s
m=8 seed=42 stratified step=50 compile KL=0.982523 elapsed=9.2s
{"method": "synthetic_stratified", "rows": 8, "seed": 42, "compression": 46.875, "N": 375, "d": 4, "K": 3, "context_class_counts": [0, 4, 4], "compile": {"kl": 0.9825229644775391, "js": 0.15583263337612152, "agreement": 0.7279999852180481, "accuracy": 0.728, "log_loss": 1.2084931135177612, "roc_auc": 0.769705443783199}, "validation": {"kl": 1.091521978378296, "js": 0.14891454577445984, "agreement": 0.774193525314331, "accuracy": 0.7903225806451613, "log_loss": 1.1773567199707031, "roc_auc": 0.7949442880050333}, "test": {"kl": 0.9433456063270569, "js": 0.129737988114357, "agreement": 0.8571428656578064, "accuracy": 0.8571428571428571, "log_loss": 1.1040531396865845, "roc_auc": 0.8232251521298174}, "generalization_gap_validation": 0.10899901390075684, "generalization_gap_test": -0.03917735815048218, "test_latency_seconds_median": 0.04921220906544477, "test_latency_seconds_samples": [0.050755875068716705, 0.04921220906544477, 0.04843512491788715], "process_peak_rss_bytes": 2362605568}
{"method": "stratified", "rows": 8, "seed": 43, "compression": 46.875, "N": 375, "d": 4, "K": 3, "context_class_counts": [0, 4, 4], "compile": {"kl": 1.1523349285125732, "js": 0.20799574255943298, "agreement": 0.656000018119812, "accuracy": 0.656, "log_loss": 1.382979154586792, "roc_auc": 0.6855177845976815}, "validation": {"kl": 1.2727034091949463, "js": 0.2048478126525879, "agreement": 0.7419354915618896, "accuracy": 0.7419354838709677, "log_loss": 1.3676247596740723, "roc_auc": 0.7935805191570111}, "test": {"kl": 1.2072675228118896, "js": 0.20963779091835022, "agreement": 0.6507936716079712, "accuracy": 0.6507936507936508, "log_loss": 1.3758940696716309, "roc_auc": 0.6711629479377957}, "generalization_gap_validation": 0.12036848068237305, "generalization_gap_test": 0.054932594299316406, "test_latency_seconds_median": 0.04858441592659801, "test_latency_seconds_samples": [0.04808095807675272, 0.057332332944497466, 0.04858441592659801], "process_peak_rss_bytes": 2363736064}
Gradients m=8: {'X': 0.03199351206421852, 'y': None}
m=8 seed=43 stratified step=10 compile KL=1.133016 elapsed=1.8s
m=8 seed=43 stratified step=20 compile KL=1.111009 elapsed=3.6s
m=8 seed=43 stratified step=30 compile KL=1.080054 elapsed=5.3s
m=8 seed=43 stratified step=40 compile KL=1.064039 elapsed=7.0s
m=8 seed=43 stratified step=50 compile KL=0.998564 elapsed=8.8s
{"method": "synthetic_stratified", "rows": 8, "seed": 43, "compression": 46.875, "N": 375, "d": 4, "K": 3, "context_class_counts": [0, 4, 4], "compile": {"kl": 0.9985643625259399, "js": 0.1610274761915207, "agreement": 0.7519999742507935, "accuracy": 0.752, "log_loss": 1.2279967069625854, "roc_auc": 0.6786383773903292}, "validation": {"kl": 1.1438719034194946, "js": 0.16432857513427734, "agreement": 0.725806474685669, "accuracy": 0.7258064516129032, "log_loss": 1.2478314638137817, "roc_auc": 0.7740787097438107}, "test": {"kl": 1.1008232831954956, "js": 0.17455503344535828, "agreement": 0.682539701461792, "accuracy": 0.6825396825396826, "log_loss": 1.2650976181030273, "roc_auc": 0.7084516565246788}, "generalization_gap_validation": 0.1453075408935547, "generalization_gap_test": 0.10225892066955566, "test_latency_seconds_median": 0.04878329101484269, "test_latency_seconds_samples": [0.0486484159482643, 0.049253333010710776, 0.04878329101484269], "process_peak_rss_bytes": 2373107712}
{"method": "stratified", "rows": 8, "seed": 44, "compression": 46.875, "N": 375, "d": 4, "K": 3, "context_class_counts": [0, 4, 4], "compile": {"kl": 1.172506332397461, "js": 0.21426799893379211, "agreement": 0.7120000123977661, "accuracy": 0.712, "log_loss": 1.4031037092208862, "roc_auc": 0.6852147946789663}, "validation": {"kl": 1.331234097480774, "js": 0.22149118781089783, "agreement": 0.6290322542190552, "accuracy": 0.6451612903225806, "log_loss": 1.4222283363342285, "roc_auc": 0.7265807043270479}, "test": {"kl": 1.2270653247833252, "js": 0.21587097644805908, "agreement": 0.6507936716079712, "accuracy": 0.6507936507936508, "log_loss": 1.39909029006958, "roc_auc": 0.6856997971602435}, "generalization_gap_validation": 0.158727765083313, "generalization_gap_test": 0.05455899238586426, "test_latency_seconds_median": 0.049037916935049, "test_latency_seconds_samples": [0.05025237496010959, 0.04881599999498576, 0.049037916935049], "process_peak_rss_bytes": 2373238784}
Gradients m=8: {'X': 0.027104370296001434, 'y': None}
m=8 seed=44 stratified step=10 compile KL=1.143333 elapsed=1.7s
m=8 seed=44 stratified step=20 compile KL=1.128527 elapsed=3.4s
m=8 seed=44 stratified step=30 compile KL=1.135664 elapsed=5.2s
m=8 seed=44 stratified step=40 compile KL=1.094962 elapsed=6.9s
m=8 seed=44 stratified step=50 compile KL=1.107917 elapsed=8.7s
{"method": "synthetic_stratified", "rows": 8, "seed": 44, "compression": 46.875, "N": 375, "d": 4, "K": 3, "context_class_counts": [0, 4, 4], "compile": {"kl": 1.0949623584747314, "js": 0.1915355920791626, "agreement": 0.7120000123977661, "accuracy": 0.712, "log_loss": 1.324907660484314, "roc_auc": 0.8238636677225363}, "validation": {"kl": 1.2530239820480347, "js": 0.19876185059547424, "agreement": 0.6935483813285828, "accuracy": 0.7096774193548387, "log_loss": 1.3422449827194214, "roc_auc": 0.8519370372578443}, "test": {"kl": 1.160699486732483, "js": 0.19630149006843567, "agreement": 0.7460317611694336, "accuracy": 0.746031746031746, "log_loss": 1.3312095403671265, "roc_auc": 0.8077755240027046}, "generalization_gap_validation": 0.15806162357330322, "generalization_gap_test": 0.06573712825775146, "test_latency_seconds_median": 0.04973725008312613, "test_latency_seconds_samples": [0.050632250029593706, 0.04843354201875627, 0.04973725008312613], "process_peak_rss_bytes": 2382348288}
{"method": "stratified", "rows": 32, "seed": 42, "compression": 11.71875, "N": 375, "d": 4, "K": 3, "context_class_counts": [2, 15, 15], "compile": {"kl": 0.551720380783081, "js": 0.16177883744239807, "agreement": 0.8320000171661377, "accuracy": 0.832, "log_loss": 0.6725919842720032, "roc_auc": 0.826874922903904}, "validation": {"kl": 0.5705650448799133, "js": 0.1639341413974762, "agreement": 0.8225806355476379, "accuracy": 0.8225806451612904, "log_loss": 0.6820777654647827, "roc_auc": 0.8177347064877759}, "test": {"kl": 0.5554400086402893, "js": 0.16216591000556946, "agreement": 0.8571428656578064, "accuracy": 0.8571428571428571, "log_loss": 0.6643648743629456, "roc_auc": 0.8138607167004732}, "generalization_gap_validation": 0.018844664096832275, "generalization_gap_test": 0.003719627857208252, "test_latency_seconds_median": 0.051327374996617436, "test_latency_seconds_samples": [0.05290091608185321, 0.05084104207344353, 0.051327374996617436], "process_peak_rss_bytes": 2393407488}
Gradients m=32: {'X': 0.5175691843032837, 'y': None}
m=32 seed=42 stratified step=10 compile KL=0.421272 elapsed=2.2s
m=32 seed=42 stratified step=20 compile KL=0.360845 elapsed=3.9s
m=32 seed=42 stratified step=30 compile KL=0.350263 elapsed=5.8s
m=32 seed=42 stratified step=40 compile KL=0.292471 elapsed=7.6s
m=32 seed=42 stratified step=50 compile KL=0.253292 elapsed=9.4s
{"method": "synthetic_stratified", "rows": 32, "seed": 42, "compression": 11.71875, "N": 375, "d": 4, "K": 3, "context_class_counts": [2, 15, 15], "compile": {"kl": 0.2532918453216553, "js": 0.06582563370466232, "agreement": 0.8960000276565552, "accuracy": 0.896, "log_loss": 0.38136011362075806, "roc_auc": 0.8979948997052386}, "validation": {"kl": 0.2914324700832367, "js": 0.07269449532032013, "agreement": 0.8548387289047241, "accuracy": 0.8709677419354839, "log_loss": 0.41402173042297363, "roc_auc": 0.929199500841969}, "test": {"kl": 0.2934489846229553, "js": 0.07787951827049255, "agreement": 0.841269850730896, "accuracy": 0.8412698412698413, "log_loss": 0.42153316736221313, "roc_auc": 0.9160919540229885}, "generalization_gap_validation": 0.03814062476158142, "generalization_gap_test": 0.04015713930130005, "test_latency_seconds_median": 0.050780875026248395, "test_latency_seconds_samples": [0.050866708043031394, 0.050678583909757435, 0.050780875026248395], "process_peak_rss_bytes": 2393407488}
{"method": "stratified", "rows": 32, "seed": 43, "compression": 11.71875, "N": 375, "d": 4, "K": 3, "context_class_counts": [2, 15, 15], "compile": {"kl": 0.6172024607658386, "js": 0.17506006360054016, "agreement": 0.671999990940094, "accuracy": 0.672, "log_loss": 0.7416884899139404, "roc_auc": 0.7378480675562592}, "validation": {"kl": 0.5529674291610718, "js": 0.15366895496845245, "agreement": 0.6935483813285828, "accuracy": 0.6935483870967742, "log_loss": 0.6896682381629944, "roc_auc": 0.728409774513116}, "test": {"kl": 0.639477550983429, "js": 0.1747349500656128, "agreement": 0.6507936716079712, "accuracy": 0.6507936507936508, "log_loss": 0.7631127834320068, "roc_auc": 0.688708586883029}, "generalization_gap_validation": -0.06423503160476685, "generalization_gap_test": 0.022275090217590332, "test_latency_seconds_median": 0.0519602500135079, "test_latency_seconds_samples": [0.0519602500135079, 0.05248145805671811, 0.05048479198012501], "process_peak_rss_bytes": 2393407488}
Gradients m=32: {'X': 0.09752777963876724, 'y': None}
m=32 seed=43 stratified step=10 compile KL=0.510266 elapsed=1.8s
m=32 seed=43 stratified step=20 compile KL=0.406643 elapsed=3.5s
m=32 seed=43 stratified step=30 compile KL=0.351998 elapsed=5.3s
m=32 seed=43 stratified step=40 compile KL=0.313442 elapsed=7.1s
m=32 seed=43 stratified step=50 compile KL=0.306493 elapsed=8.8s
{"method": "synthetic_stratified", "rows": 32, "seed": 43, "compression": 11.71875, "N": 375, "d": 4, "K": 3, "context_class_counts": [2, 15, 15], "compile": {"kl": 0.30649271607398987, "js": 0.08549512922763824, "agreement": 0.8560000061988831, "accuracy": 0.856, "log_loss": 0.4283544421195984, "roc_auc": 0.8882998704427649}, "validation": {"kl": 0.3334675431251526, "js": 0.08678708970546722, "agreement": 0.8387096524238586, "accuracy": 0.8387096774193549, "log_loss": 0.4820287227630615, "roc_auc": 0.85311563992038}, "test": {"kl": 0.3472042977809906, "js": 0.09529131650924683, "agreement": 0.7777777910232544, "accuracy": 0.7777777777777778, "log_loss": 0.46279075741767883, "roc_auc": 0.9117647058823529}, "generalization_gap_validation": 0.02697482705116272, "generalization_gap_test": 0.04071158170700073, "test_latency_seconds_median": 0.051504041999578476, "test_latency_seconds_samples": [0.052238000091165304, 0.051504041999578476, 0.050944457994773984], "process_peak_rss_bytes": 2393407488}
{"method": "stratified", "rows": 32, "seed": 44, "compression": 11.71875, "N": 375, "d": 4, "K": 3, "context_class_counts": [2, 15, 15], "compile": {"kl": 0.5201686024665833, "js": 0.14993363618850708, "agreement": 0.800000011920929, "accuracy": 0.8, "log_loss": 0.6455358266830444, "roc_auc": 0.7900320806742324}, "validation": {"kl": 0.5382277965545654, "js": 0.1536145657300949, "agreement": 0.8064516186714172, "accuracy": 0.8225806451612904, "log_loss": 0.6761256456375122, "roc_auc": 0.7405436150151642}, "test": {"kl": 0.521750271320343, "js": 0.15064570307731628, "agreement": 0.7777777910232544, "accuracy": 0.7777777777777778, "log_loss": 0.6478184461593628, "roc_auc": 0.8005409060175794}, "generalization_gap_validation": 0.018059194087982178, "generalization_gap_test": 0.0015816688537597656, "test_latency_seconds_median": 0.05129366600885987, "test_latency_seconds_samples": [0.051398832933045924, 0.05129366600885987, 0.049458042019978166], "process_peak_rss_bytes": 2393407488}
Gradients m=32: {'X': 0.2702384293079376, 'y': None}
m=32 seed=44 stratified step=10 compile KL=0.343080 elapsed=1.8s
m=32 seed=44 stratified step=20 compile KL=0.241606 elapsed=3.7s
m=32 seed=44 stratified step=30 compile KL=0.225044 elapsed=5.5s
m=32 seed=44 stratified step=40 compile KL=0.177928 elapsed=7.3s
m=32 seed=44 stratified step=50 compile KL=0.159219 elapsed=9.1s
{"method": "synthetic_stratified", "rows": 32, "seed": 44, "compression": 11.71875, "N": 375, "d": 4, "K": 3, "context_class_counts": [2, 15, 15], "compile": {"kl": 0.15921902656555176, "js": 0.04439067095518112, "agreement": 0.9120000004768372, "accuracy": 0.912, "log_loss": 0.27310851216316223, "roc_auc": 0.9600632290942926}, "validation": {"kl": 0.20013418793678284, "js": 0.05659126490354538, "agreement": 0.8387096524238586, "accuracy": 0.8548387096774194, "log_loss": 0.3330225646495819, "roc_auc": 0.9452052822448894}, "test": {"kl": 0.18335163593292236, "js": 0.05153019726276398, "agreement": 0.8888888955116272, "accuracy": 0.8888888888888888, "log_loss": 0.3012184500694275, "roc_auc": 0.9515212981744422}, "generalization_gap_validation": 0.04091516137123108, "generalization_gap_test": 0.024132609367370605, "test_latency_seconds_median": 0.05142179096583277, "test_latency_seconds_samples": [0.05142179096583277, 0.051894875010475516, 0.050799167016521096], "process_peak_rss_bytes": 2393407488}
{"method": "stratified", "rows": 128, "seed": 42, "compression": 2.9296875, "N": 375, "d": 4, "K": 3, "context_class_counts": [10, 59, 59], "compile": {"kl": 0.06490880995988846, "js": 0.017732899636030197, "agreement": 0.9440000057220459, "accuracy": 0.944, "log_loss": 0.1472262740135193, "roc_auc": 0.9878799652589644}, "validation": {"kl": 0.061777275055646896, "js": 0.016877902671694756, "agreement": 0.9193548560142517, "accuracy": 0.9032258064516129, "log_loss": 0.199219211935997, "roc_auc": 0.9744138413216027}, "test": {"kl": 0.08396941423416138, "js": 0.021677426993846893, "agreement": 0.9523809552192688, "accuracy": 0.9523809523809523, "log_loss": 0.19879747927188873, "roc_auc": 0.9903313049357675}, "generalization_gap_validation": -0.003131534904241562, "generalization_gap_test": 0.01906060427427292, "test_latency_seconds_median": 0.06985820806585252, "test_latency_seconds_samples": [0.0698979590088129, 0.06985820806585252, 0.05977175000589341], "process_peak_rss_bytes": 2393407488}
Gradients m=128: {'X': 0.15458765625953674, 'y': None}
m=128 seed=42 stratified step=10 compile KL=0.022292 elapsed=2.2s
m=128 seed=42 stratified step=20 compile KL=0.022854 elapsed=3.9s
m=128 seed=42 stratified step=30 compile KL=0.019728 elapsed=5.8s
m=128 seed=42 stratified step=40 compile KL=0.018863 elapsed=7.5s
m=128 seed=42 stratified step=50 compile KL=0.013252 elapsed=9.3s
{"method": "synthetic_stratified", "rows": 128, "seed": 42, "compression": 2.9296875, "N": 375, "d": 4, "K": 3, "context_class_counts": [10, 59, 59], "compile": {"kl": 0.013251765631139278, "js": 0.0037216590717434883, "agreement": 0.9760000109672546, "accuracy": 0.976, "log_loss": 0.07417549192905426, "roc_auc": 0.9977992371742291}, "validation": {"kl": 0.03550536558032036, "js": 0.009157747961580753, "agreement": 0.9516128897666931, "accuracy": 0.9354838709677419, "log_loss": 0.15776443481445312, "roc_auc": 0.9810610682154399}, "test": {"kl": 0.029119135811924934, "js": 0.0077187735587358475, "agreement": 0.9682539701461792, "accuracy": 0.9682539682539683, "log_loss": 0.11636249721050262, "roc_auc": 0.9922244759972955}, "generalization_gap_validation": 0.02225359994918108, "generalization_gap_test": 0.015867370180785656, "test_latency_seconds_median": 0.060095957946032286, "test_latency_seconds_samples": [0.06066833401564509, 0.060095957946032286, 0.05951799999456853], "process_peak_rss_bytes": 2393407488}
{"method": "stratified", "rows": 128, "seed": 43, "compression": 2.9296875, "N": 375, "d": 4, "K": 3, "context_class_counts": [10, 59, 59], "compile": {"kl": 0.08780666440725327, "js": 0.02396593987941742, "agreement": 0.9279999732971191, "accuracy": 0.928, "log_loss": 0.18142808973789215, "roc_auc": 0.9863560331258673}, "validation": {"kl": 0.08264639973640442, "js": 0.020677432417869568, "agreement": 0.9193548560142517, "accuracy": 0.9032258064516129, "log_loss": 0.22392207384109497, "roc_auc": 0.9703037828451514}, "test": {"kl": 0.1427697092294693, "js": 0.036690156906843185, "agreement": 0.8888888955116272, "accuracy": 0.8888888888888888, "log_loss": 0.26603537797927856, "roc_auc": 0.9764029749830968}, "generalization_gap_validation": -0.0051602646708488464, "generalization_gap_test": 0.054963044822216034, "test_latency_seconds_median": 0.06249087501782924, "test_latency_seconds_samples": [0.06249087501782924, 0.061027249903418124, 0.06530845898669213], "process_peak_rss_bytes": 2393407488}
Gradients m=128: {'X': 0.08706443011760712, 'y': None}
m=128 seed=43 stratified step=10 compile KL=0.029913 elapsed=2.2s
m=128 seed=43 stratified step=20 compile KL=0.049791 elapsed=4.1s
m=128 seed=43 stratified step=30 compile KL=0.021831 elapsed=5.9s
m=128 seed=43 stratified step=40 compile KL=0.018867 elapsed=7.7s
m=128 seed=43 stratified step=50 compile KL=0.014841 elapsed=9.4s
{"method": "synthetic_stratified", "rows": 128, "seed": 43, "compression": 2.9296875, "N": 375, "d": 4, "K": 3, "context_class_counts": [10, 59, 59], "compile": {"kl": 0.014840553514659405, "js": 0.003813553601503372, "agreement": 0.984000027179718, "accuracy": 0.984, "log_loss": 0.06775136291980743, "roc_auc": 0.9976276811611907}, "validation": {"kl": 0.0515768826007843, "js": 0.01094207912683487, "agreement": 0.9516128897666931, "accuracy": 0.9354838709677419, "log_loss": 0.15977007150650024, "roc_auc": 0.9845698401452645}, "test": {"kl": 0.056627560406923294, "js": 0.012727528810501099, "agreement": 0.9523809552192688, "accuracy": 0.9523809523809523, "log_loss": 0.1299981027841568, "roc_auc": 0.9949966193373901}, "generalization_gap_validation": 0.0367363290861249, "generalization_gap_test": 0.04178700689226389, "test_latency_seconds_median": 0.05993358395062387, "test_latency_seconds_samples": [0.05993358395062387, 0.0597617500461638, 0.060181749984622], "process_peak_rss_bytes": 2393407488}
{"method": "stratified", "rows": 128, "seed": 44, "compression": 2.9296875, "N": 375, "d": 4, "K": 3, "context_class_counts": [10, 59, 59], "compile": {"kl": 0.11930554360151291, "js": 0.02238868921995163, "agreement": 0.9440000057220459, "accuracy": 0.944, "log_loss": 0.1460505872964859, "roc_auc": 0.9916594237422206}, "validation": {"kl": 0.14809152483940125, "js": 0.025424661114811897, "agreement": 0.9354838728904724, "accuracy": 0.9516129032258065, "log_loss": 0.20491711795330048, "roc_auc": 0.9838713893961039}, "test": {"kl": 0.3641682267189026, "js": 0.05574361979961395, "agreement": 0.9047619104385376, "accuracy": 0.9047619047619048, "log_loss": 0.4806388020515442, "roc_auc": 0.9675456389452334}, "generalization_gap_validation": 0.028785981237888336, "generalization_gap_test": 0.24486268311738968, "test_latency_seconds_median": 0.06036962498910725, "test_latency_seconds_samples": [0.06090824992861599, 0.05871666700113565, 0.06036962498910725], "process_peak_rss_bytes": 2393407488}
Gradients m=128: {'X': 0.22736304998397827, 'y': None}
m=128 seed=44 stratified step=10 compile KL=0.047437 elapsed=1.8s
m=128 seed=44 stratified step=20 compile KL=0.033799 elapsed=3.5s
m=128 seed=44 stratified step=30 compile KL=0.023926 elapsed=5.4s
m=128 seed=44 stratified step=40 compile KL=0.016808 elapsed=7.2s
m=128 seed=44 stratified step=50 compile KL=0.013282 elapsed=9.0s
{"method": "synthetic_stratified", "rows": 128, "seed": 44, "compression": 2.9296875, "N": 375, "d": 4, "K": 3, "context_class_counts": [10, 59, 59], "compile": {"kl": 0.01328185386955738, "js": 0.003823664039373398, "agreement": 0.9919999837875366, "accuracy": 0.992, "log_loss": 0.0677107572555542, "roc_auc": 0.9994202898550725}, "validation": {"kl": 0.0568244494497776, "js": 0.014187444001436234, "agreement": 0.9193548560142517, "accuracy": 0.9354838709677419, "log_loss": 0.14067934453487396, "roc_auc": 0.9872591614878367}, "test": {"kl": 0.03981310874223709, "js": 0.010985184460878372, "agreement": 0.9523809552192688, "accuracy": 0.9523809523809523, "log_loss": 0.11822869628667831, "roc_auc": 0.994050033806626}, "generalization_gap_validation": 0.04354259558022022, "generalization_gap_test": 0.02653125487267971, "test_latency_seconds_median": 0.0736725419992581, "test_latency_seconds_samples": [0.06846908305305988, 0.4121469999663532, 0.0736725419992581], "process_peak_rss_bytes": 2393407488}
