Split sizes: {'context': 448, 'compile': 150, 'validation': 75, 'test': 75}
Teacher compile: 1.34s
Teacher validation: 0.73s
Teacher test: 0.26s
{"method": "full", "rows": 448, "seed": 42, "compression": 1.0, "N": 448, "d": 4, "K": 2, "context_class_counts": [341, 107], "compile": {"kl": 0.0, "js": 0.0, "agreement": 1.0, "accuracy": 0.7933333333333333, "log_loss": 0.5063428282737732, "roc_auc": 0.7197855750487329}, "validation": {"kl": 0.0, "js": 0.0, "agreement": 1.0, "accuracy": 0.7866666666666666, "log_loss": 0.3805426061153412, "roc_auc": 0.8955375253549696}, "test": {"kl": 0.0, "js": 0.0, "agreement": 1.0, "accuracy": 0.8133333333333334, "log_loss": 0.4739113450050354, "roc_auc": 0.7407407407407407}, "generalization_gap_validation": 0.0, "generalization_gap_test": 0.0, "test_latency_seconds_median": 0.24996133300010115, "test_latency_seconds_samples": [0.24996133300010115, 0.24808637506794184, 0.2505800829967484], "process_peak_rss_bytes": 2285649920}
{"method": "stratified", "rows": 8, "seed": 42, "compression": 56.0, "N": 448, "d": 4, "K": 2, "context_class_counts": [6, 2], "compile": {"kl": 0.06580419093370438, "js": 0.01758616976439953, "agreement": 0.8866666555404663, "accuracy": 0.7733333333333333, "log_loss": 0.5595898628234863, "roc_auc": 0.6624025341130604}, "validation": {"kl": 0.07225831598043442, "js": 0.01971472054719925, "agreement": 0.9333333373069763, "accuracy": 0.7733333333333333, "log_loss": 0.5326706171035767, "roc_auc": 0.7190669371196755}, "test": {"kl": 0.07143926620483398, "js": 0.019604913890361786, "agreement": 0.9200000166893005, "accuracy": 0.7866666666666666, "log_loss": 0.5080249905586243, "roc_auc": 0.736842105263158}, "generalization_gap_validation": 0.0064541250467300415, "generalization_gap_test": 0.005635075271129608, "test_latency_seconds_median": 0.091721500037238, "test_latency_seconds_samples": [0.09953370795119554, 0.091721500037238, 0.08987629192415625], "process_peak_rss_bytes": 2285649920}
Gradients m=8: {'X': 0.04008001461625099, 'y': None}
m=8 seed=42 stratified step=10 compile KL=0.031646 elapsed=3.2s
m=8 seed=42 stratified step=20 compile KL=0.028991 elapsed=5.0s
m=8 seed=42 stratified step=30 compile KL=0.026593 elapsed=6.7s
m=8 seed=42 stratified step=40 compile KL=0.024089 elapsed=8.5s
m=8 seed=42 stratified step=50 compile KL=0.023672 elapsed=10.3s
{"method": "synthetic_stratified", "rows": 8, "seed": 42, "compression": 56.0, "N": 448, "d": 4, "K": 2, "context_class_counts": [6, 2], "compile": {"kl": 0.023671932518482208, "js": 0.006386542692780495, "agreement": 0.9333333373069763, "accuracy": 0.78, "log_loss": 0.5116273164749146, "roc_auc": 0.6991959064327485}, "validation": {"kl": 0.027670199051499367, "js": 0.0075579541735351086, "agreement": 0.9466666579246521, "accuracy": 0.76, "log_loss": 0.4415389597415924, "roc_auc": 0.8985801217038539}, "test": {"kl": 0.025387564674019814, "js": 0.007048982661217451, "agreement": 0.9466666579246521, "accuracy": 0.7866666666666666, "log_loss": 0.47742563486099243, "roc_auc": 0.7748538011695907}, "generalization_gap_validation": 0.0039982665330171585, "generalization_gap_test": 0.0017156321555376053, "test_latency_seconds_median": 0.09023429197259247, "test_latency_seconds_samples": [0.08962320804130286, 0.09023429197259247, 0.09416237496770918], "process_peak_rss_bytes": 2285649920}
{"method": "stratified", "rows": 8, "seed": 43, "compression": 56.0, "N": 448, "d": 4, "K": 2, "context_class_counts": [6, 2], "compile": {"kl": 0.06118258088827133, "js": 0.016094870865345, "agreement": 0.8799999952316284, "accuracy": 0.7666666666666667, "log_loss": 0.5435338616371155, "roc_auc": 0.6189083820662769}, "validation": {"kl": 0.06784868985414505, "js": 0.018345173448324203, "agreement": 0.9066666960716248, "accuracy": 0.7733333333333333, "log_loss": 0.4963759779930115, "roc_auc": 0.68052738336714}, "test": {"kl": 0.07567533105611801, "js": 0.020082172006368637, "agreement": 0.8666666746139526, "accuracy": 0.76, "log_loss": 0.5263090133666992, "roc_auc": 0.672514619883041}, "generalization_gap_validation": 0.006666108965873718, "generalization_gap_test": 0.01449275016784668, "test_latency_seconds_median": 0.09151175001170486, "test_latency_seconds_samples": [0.09330354095436633, 0.09022608294617385, 0.09151175001170486], "process_peak_rss_bytes": 2285649920}
Gradients m=8: {'X': 0.04287091642618179, 'y': None}
m=8 seed=43 stratified step=10 compile KL=0.048175 elapsed=1.8s
m=8 seed=43 stratified step=20 compile KL=0.029400 elapsed=3.5s
m=8 seed=43 stratified step=30 compile KL=0.024936 elapsed=5.3s
m=8 seed=43 stratified step=40 compile KL=0.033661 elapsed=7.1s
m=8 seed=43 stratified step=50 compile KL=0.033325 elapsed=8.9s
{"method": "synthetic_stratified", "rows": 8, "seed": 43, "compression": 56.0, "N": 448, "d": 4, "K": 2, "context_class_counts": [6, 2], "compile": {"kl": 0.024935739114880562, "js": 0.006866117939352989, "agreement": 0.9399999976158142, "accuracy": 0.7733333333333333, "log_loss": 0.5129472017288208, "roc_auc": 0.6828703703703703}, "validation": {"kl": 0.025392374023795128, "js": 0.0071363383904099464, "agreement": 0.9333333373069763, "accuracy": 0.7733333333333333, "log_loss": 0.418319433927536, "roc_auc": 0.8772819472616633}, "test": {"kl": 0.0299074687063694, "js": 0.00825375597923994, "agreement": 0.9466666579246521, "accuracy": 0.7866666666666666, "log_loss": 0.4661911427974701, "roc_auc": 0.7836257309941522}, "generalization_gap_validation": 0.00045663490891456604, "generalization_gap_test": 0.004971729591488838, "test_latency_seconds_median": 0.0929215420037508, "test_latency_seconds_samples": [0.09434595797210932, 0.0929215420037508, 0.09169895900413394], "process_peak_rss_bytes": 2285649920}
{"method": "stratified", "rows": 8, "seed": 44, "compression": 56.0, "N": 448, "d": 4, "K": 2, "context_class_counts": [6, 2], "compile": {"kl": 0.07124657183885574, "js": 0.019158799201250076, "agreement": 0.800000011920929, "accuracy": 0.7133333333333334, "log_loss": 0.5769525170326233, "roc_auc": 0.6286549707602338}, "validation": {"kl": 0.07208392024040222, "js": 0.01970278099179268, "agreement": 0.8533333539962769, "accuracy": 0.7466666666666667, "log_loss": 0.5070284008979797, "roc_auc": 0.731237322515213}, "test": {"kl": 0.06241822615265846, "js": 0.017225639894604683, "agreement": 0.9333333373069763, "accuracy": 0.8266666666666667, "log_loss": 0.4950469434261322, "roc_auc": 0.780701754385965}, "generalization_gap_validation": 0.0008373484015464783, "generalization_gap_test": -0.008828345686197281, "test_latency_seconds_median": 0.09165966603904963, "test_latency_seconds_samples": [0.09165966603904963, 0.09224124997854233, 0.09148729196749628], "process_peak_rss_bytes": 2285649920}
Gradients m=8: {'X': 0.10864963382482529, 'y': None}
m=8 seed=44 stratified step=10 compile KL=0.063850 elapsed=1.7s
m=8 seed=44 stratified step=20 compile KL=0.051684 elapsed=3.6s
m=8 seed=44 stratified step=30 compile KL=0.049596 elapsed=5.3s
m=8 seed=44 stratified step=40 compile KL=0.045099 elapsed=7.2s
m=8 seed=44 stratified step=50 compile KL=0.041225 elapsed=9.0s
{"method": "synthetic_stratified", "rows": 8, "seed": 44, "compression": 56.0, "N": 448, "d": 4, "K": 2, "context_class_counts": [6, 2], "compile": {"kl": 0.04122549295425415, "js": 0.011161651462316513, "agreement": 0.8999999761581421, "accuracy": 0.76, "log_loss": 0.5454906821250916, "roc_auc": 0.646807992202729}, "validation": {"kl": 0.04357586055994034, "js": 0.012043352238833904, "agreement": 0.9466666579246521, "accuracy": 0.76, "log_loss": 0.46326878666877747, "roc_auc": 0.8265720081135902}, "test": {"kl": 0.04751996323466301, "js": 0.013030937872827053, "agreement": 0.8799999952316284, "accuracy": 0.8, "log_loss": 0.4895267188549042, "roc_auc": 0.7690058479532164}, "generalization_gap_validation": 0.0023503676056861877, "generalization_gap_test": 0.006294470280408859, "test_latency_seconds_median": 0.09365695796441287, "test_latency_seconds_samples": [0.09365695796441287, 0.09716966701671481, 0.09145741700194776], "process_peak_rss_bytes": 2285649920}
{"method": "stratified", "rows": 32, "seed": 42, "compression": 14.0, "N": 448, "d": 4, "K": 2, "context_class_counts": [24, 8], "compile": {"kl": 0.16053111851215363, "js": 0.035842981189489365, "agreement": 0.7866666913032532, "accuracy": 0.74, "log_loss": 0.6066972613334656, "roc_auc": 0.6526559454191033}, "validation": {"kl": 0.15363788604736328, "js": 0.03248952701687813, "agreement": 0.8266666531562805, "accuracy": 0.7733333333333333, "log_loss": 0.4965905249118805, "roc_auc": 0.7505070993914806}, "test": {"kl": 0.11665473878383636, "js": 0.025280557572841644, "agreement": 0.8933333158493042, "accuracy": 0.7866666666666666, "log_loss": 0.5852710008621216, "roc_auc": 0.6773879142300195}, "generalization_gap_validation": -0.006893232464790344, "generalization_gap_test": -0.04387637972831726, "test_latency_seconds_median": 0.09795595903415233, "test_latency_seconds_samples": [0.10594229097478092, 0.09795595903415233, 0.09630654205102473], "process_peak_rss_bytes": 2285649920}
Gradients m=32: {'X': 0.24581846594810486, 'y': None}
m=32 seed=42 stratified step=10 compile KL=0.026674 elapsed=2.3s
m=32 seed=42 stratified step=20 compile KL=0.016038 elapsed=4.8s
m=32 seed=42 stratified step=30 compile KL=0.012422 elapsed=6.7s
m=32 seed=42 stratified step=40 compile KL=0.013869 elapsed=8.8s
m=32 seed=42 stratified step=50 compile KL=0.006973 elapsed=10.8s
{"method": "synthetic_stratified", "rows": 32, "seed": 42, "compression": 14.0, "N": 448, "d": 4, "K": 2, "context_class_counts": [24, 8], "compile": {"kl": 0.006972859613597393, "js": 0.0018158841412514448, "agreement": 0.9466666579246521, "accuracy": 0.7666666666666667, "log_loss": 0.4938510060310364, "roc_auc": 0.729044834307992}, "validation": {"kl": 0.00664256326854229, "js": 0.0017158451955765486, "agreement": 0.9200000166893005, "accuracy": 0.7866666666666666, "log_loss": 0.3862428367137909, "roc_auc": 0.8995943204868154}, "test": {"kl": 0.006974819581955671, "js": 0.0018007688922807574, "agreement": 1.0, "accuracy": 0.8133333333333334, "log_loss": 0.46666890382766724, "roc_auc": 0.7553606237816765}, "generalization_gap_validation": -0.0003302963450551033, "generalization_gap_test": 1.9599683582782745e-06, "test_latency_seconds_median": 0.10034129209816456, "test_latency_seconds_samples": [0.10034129209816456, 0.0978733750525862, 0.10602700000163168], "process_peak_rss_bytes": 2285649920}
{"method": "stratified", "rows": 32, "seed": 43, "compression": 14.0, "N": 448, "d": 4, "K": 2, "context_class_counts": [24, 8], "compile": {"kl": 0.0631905272603035, "js": 0.016626589000225067, "agreement": 0.8799999952316284, "accuracy": 0.7533333333333333, "log_loss": 0.5543505549430847, "roc_auc": 0.5790692007797269}, "validation": {"kl": 0.056803710758686066, "js": 0.015418345108628273, "agreement": 0.9066666960716248, "accuracy": 0.8, "log_loss": 0.4807400405406952, "roc_auc": 0.7383367139959433}, "test": {"kl": 0.08018166571855545, "js": 0.021308286115527153, "agreement": 0.8266666531562805, "accuracy": 0.72, "log_loss": 0.5361379981040955, "roc_auc": 0.6598440545808967}, "generalization_gap_validation": -0.006386816501617432, "generalization_gap_test": 0.016991138458251953, "test_latency_seconds_median": 0.12162420793902129, "test_latency_seconds_samples": [0.14604400005191565, 0.12162420793902129, 0.11234795895870775], "process_peak_rss_bytes": 2285649920}
Gradients m=32: {'X': 0.04270236939191818, 'y': None}
m=32 seed=43 stratified step=10 compile KL=0.046186 elapsed=3.8s
m=32 seed=43 stratified step=20 compile KL=0.044139 elapsed=6.9s
m=32 seed=43 stratified step=30 compile KL=0.040761 elapsed=8.9s
m=32 seed=43 stratified step=40 compile KL=0.044700 elapsed=10.9s
m=32 seed=43 stratified step=50 compile KL=0.030838 elapsed=12.6s
{"method": "synthetic_stratified", "rows": 32, "seed": 43, "compression": 14.0, "N": 448, "d": 4, "K": 2, "context_class_counts": [24, 8], "compile": {"kl": 0.030838241800665855, "js": 0.008330526761710644, "agreement": 0.9200000166893005, "accuracy": 0.78, "log_loss": 0.520136833190918, "roc_auc": 0.6743421052631579}, "validation": {"kl": 0.03682631254196167, "js": 0.010235028341412544, "agreement": 0.9466666579246521, "accuracy": 0.7866666666666666, "log_loss": 0.44779494404792786, "roc_auc": 0.8387423935091278}, "test": {"kl": 0.036630142480134964, "js": 0.01000499352812767, "agreement": 0.8933333158493042, "accuracy": 0.7333333333333333, "log_loss": 0.47506341338157654, "roc_auc": 0.7719298245614037}, "generalization_gap_validation": 0.0059880707412958145, "generalization_gap_test": 0.005791900679469109, "test_latency_seconds_median": 0.0975322499871254, "test_latency_seconds_samples": [0.0975322499871254, 0.09415387501940131, 0.11624804197344929], "process_peak_rss_bytes": 2285649920}
{"method": "stratified", "rows": 32, "seed": 44, "compression": 14.0, "N": 448, "d": 4, "K": 2, "context_class_counts": [24, 8], "compile": {"kl": 0.04168710857629776, "js": 0.011158553883433342, "agreement": 0.8733333349227905, "accuracy": 0.76, "log_loss": 0.5384572148323059, "roc_auc": 0.6120857699805069}, "validation": {"kl": 0.045926883816719055, "js": 0.012605691328644753, "agreement": 0.9066666960716248, "accuracy": 0.7733333333333333, "log_loss": 0.4890165627002716, "roc_auc": 0.7728194726166329}, "test": {"kl": 0.05281296372413635, "js": 0.014184422791004181, "agreement": 0.8666666746139526, "accuracy": 0.76, "log_loss": 0.49827179312705994, "roc_auc": 0.7846003898635477}, "generalization_gap_validation": 0.004239775240421295, "generalization_gap_test": 0.011125855147838593, "test_latency_seconds_median": 0.09549908305052668, "test_latency_seconds_samples": [0.09749733295757324, 0.09549908305052668, 0.09486537496559322], "process_peak_rss_bytes": 2285649920}
Gradients m=32: {'X': 0.015745289623737335, 'y': None}
m=32 seed=44 stratified step=10 compile KL=0.029976 elapsed=1.9s
m=32 seed=44 stratified step=20 compile KL=0.022759 elapsed=5.2s
m=32 seed=44 stratified step=30 compile KL=0.017277 elapsed=7.1s
m=32 seed=44 stratified step=40 compile KL=0.013432 elapsed=8.8s
m=32 seed=44 stratified step=50 compile KL=0.011150 elapsed=10.8s
{"method": "synthetic_stratified", "rows": 32, "seed": 44, "compression": 14.0, "N": 448, "d": 4, "K": 2, "context_class_counts": [24, 8], "compile": {"kl": 0.011150072328746319, "js": 0.0029358668252825737, "agreement": 0.9333333373069763, "accuracy": 0.7533333333333333, "log_loss": 0.5078487396240234, "roc_auc": 0.7069931773879142}, "validation": {"kl": 0.013923561200499535, "js": 0.003628818318247795, "agreement": 0.9333333373069763, "accuracy": 0.7733333333333333, "log_loss": 0.40886926651000977, "roc_auc": 0.8651115618661258}, "test": {"kl": 0.013887632638216019, "js": 0.003655890002846718, "agreement": 0.9599999785423279, "accuracy": 0.8, "log_loss": 0.4703987240791321, "roc_auc": 0.7660818713450293}, "generalization_gap_validation": 0.002773488871753216, "generalization_gap_test": 0.0027375603094697, "test_latency_seconds_median": 0.09902162500657141, "test_latency_seconds_samples": [0.10174595797434449, 0.09902162500657141, 0.09559991606511176], "process_peak_rss_bytes": 2285649920}
{"method": "stratified", "rows": 128, "seed": 42, "compression": 3.5, "N": 448, "d": 4, "K": 2, "context_class_counts": [97, 31], "compile": {"kl": 0.020451148971915245, "js": 0.005180852022022009, "agreement": 0.9066666960716248, "accuracy": 0.7666666666666667, "log_loss": 0.5058205723762512, "roc_auc": 0.7043128654970761}, "validation": {"kl": 0.014918405562639236, "js": 0.003775177523493767, "agreement": 0.9466666579246521, "accuracy": 0.7866666666666666, "log_loss": 0.3906231224536896, "roc_auc": 0.8833671399594321}, "test": {"kl": 0.015105185098946095, "js": 0.003901618765667081, "agreement": 0.9066666960716248, "accuracy": 0.7733333333333333, "log_loss": 0.47755488753318787, "roc_auc": 0.7475633528265108}, "generalization_gap_validation": -0.005532743409276009, "generalization_gap_test": -0.0053459638729691505, "test_latency_seconds_median": 0.11216762498952448, "test_latency_seconds_samples": [0.10775249998550862, 0.11720483400858939, 0.11216762498952448], "process_peak_rss_bytes": 2285649920}
Gradients m=128: {'X': 0.01886199787259102, 'y': None}
m=128 seed=42 stratified step=10 compile KL=0.029500 elapsed=2.6s
m=128 seed=42 stratified step=20 compile KL=0.004297 elapsed=4.9s
m=128 seed=42 stratified step=30 compile KL=0.003160 elapsed=6.8s
m=128 seed=42 stratified step=40 compile KL=0.005775 elapsed=8.8s
m=128 seed=42 stratified step=50 compile KL=0.001997 elapsed=10.6s
{"method": "synthetic_stratified", "rows": 128, "seed": 42, "compression": 3.5, "N": 448, "d": 4, "K": 2, "context_class_counts": [97, 31], "compile": {"kl": 0.0019973295275121927, "js": 0.0005002995021641254, "agreement": 0.9599999785423279, "accuracy": 0.7666666666666667, "log_loss": 0.4997727572917938, "roc_auc": 0.7221003898635477}, "validation": {"kl": 0.0019568041898310184, "js": 0.0004943265812471509, "agreement": 0.9866666793823242, "accuracy": 0.8, "log_loss": 0.3771107792854309, "roc_auc": 0.896551724137931}, "test": {"kl": 0.0030551597010344267, "js": 0.0007715660613030195, "agreement": 1.0, "accuracy": 0.8133333333333334, "log_loss": 0.46599268913269043, "roc_auc": 0.7514619883040936}, "generalization_gap_validation": -4.052533768117428e-05, "generalization_gap_test": 0.001057830173522234, "test_latency_seconds_median": 0.1104591250186786, "test_latency_seconds_samples": [0.1104591250186786, 0.10790625005029142, 0.11092841706704348], "process_peak_rss_bytes": 2285649920}
{"method": "stratified", "rows": 128, "seed": 43, "compression": 3.5, "N": 448, "d": 4, "K": 2, "context_class_counts": [97, 31], "compile": {"kl": 0.02316371724009514, "js": 0.005910385865718126, "agreement": 0.9066666960716248, "accuracy": 0.7666666666666667, "log_loss": 0.5258477926254272, "roc_auc": 0.6226851851851852}, "validation": {"kl": 0.02124333754181862, "js": 0.005615810863673687, "agreement": 0.9466666579246521, "accuracy": 0.7866666666666666, "log_loss": 0.42737242579460144, "roc_auc": 0.8316430020283976}, "test": {"kl": 0.022246118634939194, "js": 0.005915437359362841, "agreement": 0.8933333158493042, "accuracy": 0.7866666666666666, "log_loss": 0.4928491711616516, "roc_auc": 0.7017543859649122}, "generalization_gap_validation": -0.0019203796982765198, "generalization_gap_test": -0.0009175986051559448, "test_latency_seconds_median": 0.22209283290430903, "test_latency_seconds_samples": [0.14751174999400973, 0.22209283290430903, 0.2707405829569325], "process_peak_rss_bytes": 2285649920}
Gradients m=128: {'X': 0.01792134903371334, 'y': None}
m=128 seed=43 stratified step=10 compile KL=0.014046 elapsed=4.4s
m=128 seed=43 stratified step=20 compile KL=0.013737 elapsed=6.3s
m=128 seed=43 stratified step=30 compile KL=0.009358 elapsed=8.3s
m=128 seed=43 stratified step=40 compile KL=0.015921 elapsed=10.2s
m=128 seed=43 stratified step=50 compile KL=0.005764 elapsed=12.1s
{"method": "synthetic_stratified", "rows": 128, "seed": 43, "compression": 3.5, "N": 448, "d": 4, "K": 2, "context_class_counts": [97, 31], "compile": {"kl": 0.005764266010373831, "js": 0.0014822841621935368, "agreement": 0.9333333373069763, "accuracy": 0.7933333333333333, "log_loss": 0.4857081174850464, "roc_auc": 0.7298976608187134}, "validation": {"kl": 0.00929972156882286, "js": 0.002406354993581772, "agreement": 0.9733333587646484, "accuracy": 0.8133333333333334, "log_loss": 0.38137203454971313, "roc_auc": 0.896551724137931}, "test": {"kl": 0.008510218933224678, "js": 0.002201434690505266, "agreement": 1.0, "accuracy": 0.8133333333333334, "log_loss": 0.47386351227760315, "roc_auc": 0.753411306042885}, "generalization_gap_validation": 0.00353545555844903, "generalization_gap_test": 0.0027459529228508472, "test_latency_seconds_median": 0.11058208299800754, "test_latency_seconds_samples": [0.11058208299800754, 0.11011245800182223, 0.112374083022587], "process_peak_rss_bytes": 2285649920}
{"method": "stratified", "rows": 128, "seed": 44, "compression": 3.5, "N": 448, "d": 4, "K": 2, "context_class_counts": [97, 31], "compile": {"kl": 0.023642823100090027, "js": 0.005587391555309296, "agreement": 0.9066666960716248, "accuracy": 0.7533333333333333, "log_loss": 0.5587912201881409, "roc_auc": 0.6337719298245613}, "validation": {"kl": 0.025626838207244873, "js": 0.006205735728144646, "agreement": 0.9200000166893005, "accuracy": 0.7866666666666666, "log_loss": 0.41613519191741943, "roc_auc": 0.8306288032454361}, "test": {"kl": 0.022351302206516266, "js": 0.005424362141638994, "agreement": 0.9466666579246521, "accuracy": 0.8133333333333334, "log_loss": 0.4630564749240875, "roc_auc": 0.7641325536062379}, "generalization_gap_validation": 0.001984015107154846, "generalization_gap_test": -0.001291520893573761, "test_latency_seconds_median": 0.1127458339324221, "test_latency_seconds_samples": [0.11314099992159754, 0.1127458339324221, 0.11114125000312924], "process_peak_rss_bytes": 2285649920}
Gradients m=128: {'X': 0.10114947706460953, 'y': None}
m=128 seed=44 stratified step=10 compile KL=0.008019 elapsed=2.7s
m=128 seed=44 stratified step=20 compile KL=0.005777 elapsed=4.8s
m=128 seed=44 stratified step=30 compile KL=0.006233 elapsed=6.7s
m=128 seed=44 stratified step=40 compile KL=0.002392 elapsed=9.2s
m=128 seed=44 stratified step=50 compile KL=0.001762 elapsed=11.1s
{"method": "synthetic_stratified", "rows": 128, "seed": 44, "compression": 3.5, "N": 448, "d": 4, "K": 2, "context_class_counts": [97, 31], "compile": {"kl": 0.0017623454332351685, "js": 0.000441767304437235, "agreement": 0.9666666388511658, "accuracy": 0.7866666666666666, "log_loss": 0.506838858127594, "roc_auc": 0.7296539961013645}, "validation": {"kl": 0.003966411110013723, "js": 0.0009883211459964514, "agreement": 0.9599999785423279, "accuracy": 0.7733333333333333, "log_loss": 0.38909614086151123, "roc_auc": 0.8995943204868154}, "test": {"kl": 0.003046057652682066, "js": 0.0007665985031053424, "agreement": 1.0, "accuracy": 0.8133333333333334, "log_loss": 0.47336551547050476, "roc_auc": 0.7504873294346979}, "generalization_gap_validation": 0.002204065676778555, "generalization_gap_test": 0.0012837122194468975, "test_latency_seconds_median": 0.12089545896742493, "test_latency_seconds_samples": [0.12154670897871256, 0.12089545896742493, 0.11410108301788568], "process_peak_rss_bytes": 2285649920}
