Split sizes: {'context': 460, 'compile': 154, 'validation': 77, 'test': 77}
Teacher compile: 1.60s
Teacher validation: 0.69s
Teacher test: 0.29s
{"method": "full", "rows": 460, "seed": 42, "compression": 1.0, "N": 460, "d": 8, "K": 2, "context_class_counts": [299, 161], "compile": {"kl": 0.0, "js": 0.0, "agreement": 1.0, "accuracy": 0.7662337662337663, "log_loss": 0.45331692695617676, "roc_auc": 0.8516666666666667}, "validation": {"kl": 0.0, "js": 0.0, "agreement": 1.0, "accuracy": 0.7402597402597403, "log_loss": 0.5027727484703064, "roc_auc": 0.799396681749623}, "test": {"kl": 0.0, "js": 0.0, "agreement": 1.0, "accuracy": 0.7272727272727273, "log_loss": 0.5059388279914856, "roc_auc": 0.8162962962962963}, "generalization_gap_validation": 0.0, "generalization_gap_test": 0.0, "test_latency_seconds_median": 0.29457949998322874, "test_latency_seconds_samples": [0.28337854193523526, 0.29609066690318286, 0.29457949998322874], "process_peak_rss_bytes": 2201845760}
{"method": "stratified", "rows": 8, "seed": 42, "compression": 57.5, "N": 460, "d": 8, "K": 2, "context_class_counts": [5, 3], "compile": {"kl": 0.11978235095739365, "js": 0.033631786704063416, "agreement": 0.8181818127632141, "accuracy": 0.6883116883116883, "log_loss": 0.5808289051055908, "roc_auc": 0.7625925925925926}, "validation": {"kl": 0.09324556589126587, "js": 0.02581683360040188, "agreement": 0.8051947951316833, "accuracy": 0.7012987012987013, "log_loss": 0.5900826454162598, "roc_auc": 0.7262443438914027}, "test": {"kl": 0.10557214170694351, "js": 0.029223553836345673, "agreement": 0.8961039185523987, "accuracy": 0.6493506493506493, "log_loss": 0.580578088760376, "roc_auc": 0.8088888888888889}, "generalization_gap_validation": -0.026536785066127777, "generalization_gap_test": -0.014210209250450134, "test_latency_seconds_median": 0.09721237502526492, "test_latency_seconds_samples": [0.09224633406847715, 0.35195508308243006, 0.09721237502526492], "process_peak_rss_bytes": 2201845760}
Gradients m=8: {'X': 0.10937421023845673, 'y': None}
m=8 seed=42 stratified step=10 compile KL=0.088815 elapsed=3.6s
m=8 seed=42 stratified step=20 compile KL=0.067715 elapsed=5.9s
m=8 seed=42 stratified step=30 compile KL=0.054114 elapsed=7.7s
m=8 seed=42 stratified step=40 compile KL=0.042749 elapsed=9.5s
m=8 seed=42 stratified step=50 compile KL=0.034942 elapsed=11.2s
{"method": "synthetic_stratified", "rows": 8, "seed": 42, "compression": 57.5, "N": 460, "d": 8, "K": 2, "context_class_counts": [5, 3], "compile": {"kl": 0.034941501915454865, "js": 0.009139778092503548, "agreement": 0.8896104097366333, "accuracy": 0.7597402597402597, "log_loss": 0.49040934443473816, "roc_auc": 0.8300000000000001}, "validation": {"kl": 0.033588673919439316, "js": 0.008532823994755745, "agreement": 0.8701298832893372, "accuracy": 0.6883116883116883, "log_loss": 0.5614845156669617, "roc_auc": 0.753393665158371}, "test": {"kl": 0.03358960896730423, "js": 0.0086776502430439, "agreement": 0.9220778942108154, "accuracy": 0.7792207792207793, "log_loss": 0.509243369102478, "roc_auc": 0.814074074074074}, "generalization_gap_validation": -0.0013528279960155487, "generalization_gap_test": -0.0013518929481506348, "test_latency_seconds_median": 0.09259999997448176, "test_latency_seconds_samples": [0.09821275004651397, 0.09213145799003541, 0.09259999997448176], "process_peak_rss_bytes": 2201845760}
{"method": "stratified", "rows": 8, "seed": 43, "compression": 57.5, "N": 460, "d": 8, "K": 2, "context_class_counts": [5, 3], "compile": {"kl": 0.18726378679275513, "js": 0.05239959806203842, "agreement": 0.6818181872367859, "accuracy": 0.6558441558441559, "log_loss": 0.6357580423355103, "roc_auc": 0.6301851851851852}, "validation": {"kl": 0.1671990007162094, "js": 0.0458955280482769, "agreement": 0.6883116960525513, "accuracy": 0.6623376623376623, "log_loss": 0.6371534466743469, "roc_auc": 0.5950226244343891}, "test": {"kl": 0.1678406149148941, "js": 0.04660417139530182, "agreement": 0.8051947951316833, "accuracy": 0.6883116883116883, "log_loss": 0.6371363401412964, "roc_auc": 0.6533333333333332}, "generalization_gap_validation": -0.020064786076545715, "generalization_gap_test": -0.019423171877861023, "test_latency_seconds_median": 0.09106283308938146, "test_latency_seconds_samples": [0.09106283308938146, 0.09112245799042284, 0.09068962500896305], "process_peak_rss_bytes": 2201845760}
Gradients m=8: {'X': 0.05595427751541138, 'y': None}
m=8 seed=43 stratified step=10 compile KL=0.173189 elapsed=1.8s
m=8 seed=43 stratified step=20 compile KL=0.152719 elapsed=3.8s
m=8 seed=43 stratified step=30 compile KL=0.137829 elapsed=5.6s
m=8 seed=43 stratified step=40 compile KL=0.123867 elapsed=7.6s
m=8 seed=43 stratified step=50 compile KL=0.100843 elapsed=9.4s
{"method": "synthetic_stratified", "rows": 8, "seed": 43, "compression": 57.5, "N": 460, "d": 8, "K": 2, "context_class_counts": [5, 3], "compile": {"kl": 0.10084295272827148, "js": 0.02688220515847206, "agreement": 0.7532467246055603, "accuracy": 0.7012987012987013, "log_loss": 0.5392460823059082, "roc_auc": 0.7777777777777778}, "validation": {"kl": 0.10840616375207901, "js": 0.028252849355340004, "agreement": 0.6883116960525513, "accuracy": 0.6363636363636364, "log_loss": 0.5645993947982788, "roc_auc": 0.7239819004524888}, "test": {"kl": 0.08898323029279709, "js": 0.02378802001476288, "agreement": 0.8311688303947449, "accuracy": 0.7402597402597403, "log_loss": 0.5424185991287231, "roc_auc": 0.7948148148148149}, "generalization_gap_validation": 0.007563211023807526, "generalization_gap_test": -0.011859722435474396, "test_latency_seconds_median": 0.09183816600125283, "test_latency_seconds_samples": [0.09183816600125283, 0.0912201669998467, 0.09539062506519258], "process_peak_rss_bytes": 2201845760}
{"method": "stratified", "rows": 8, "seed": 44, "compression": 57.5, "N": 460, "d": 8, "K": 2, "context_class_counts": [5, 3], "compile": {"kl": 0.11721762269735336, "js": 0.031912900507450104, "agreement": 0.8051947951316833, "accuracy": 0.6883116883116883, "log_loss": 0.5760354399681091, "roc_auc": 0.7322222222222222}, "validation": {"kl": 0.09038444608449936, "js": 0.023840777575969696, "agreement": 0.7922077775001526, "accuracy": 0.5844155844155844, "log_loss": 0.6607427000999451, "roc_auc": 0.6357466063348416}, "test": {"kl": 0.10133679956197739, "js": 0.027034815400838852, "agreement": 0.7922077775001526, "accuracy": 0.6233766233766234, "log_loss": 0.5850893259048462, "roc_auc": 0.7111111111111111}, "generalization_gap_validation": -0.026833176612854004, "generalization_gap_test": -0.015880823135375977, "test_latency_seconds_median": 0.09259779204148799, "test_latency_seconds_samples": [0.09246737498324364, 0.09299004101194441, 0.09259779204148799], "process_peak_rss_bytes": 2201845760}
Gradients m=8: {'X': 0.0460701547563076, 'y': None}
m=8 seed=44 stratified step=10 compile KL=0.094201 elapsed=1.8s
m=8 seed=44 stratified step=20 compile KL=0.085868 elapsed=3.5s
m=8 seed=44 stratified step=30 compile KL=0.072706 elapsed=5.4s
m=8 seed=44 stratified step=40 compile KL=0.054100 elapsed=7.2s
m=8 seed=44 stratified step=50 compile KL=0.044745 elapsed=9.0s
{"method": "synthetic_stratified", "rows": 8, "seed": 44, "compression": 57.5, "N": 460, "d": 8, "K": 2, "context_class_counts": [5, 3], "compile": {"kl": 0.04474521055817604, "js": 0.01177813857793808, "agreement": 0.8831169009208679, "accuracy": 0.7662337662337663, "log_loss": 0.49318110942840576, "roc_auc": 0.8194444444444444}, "validation": {"kl": 0.04924969747662544, "js": 0.012597469612956047, "agreement": 0.8701298832893372, "accuracy": 0.6883116883116883, "log_loss": 0.6099982261657715, "roc_auc": 0.7043740573152338}, "test": {"kl": 0.041426438838243484, "js": 0.010966836474835873, "agreement": 0.9350649118423462, "accuracy": 0.7662337662337663, "log_loss": 0.5298795104026794, "roc_auc": 0.7829629629629631}, "generalization_gap_validation": 0.004504486918449402, "generalization_gap_test": -0.003318771719932556, "test_latency_seconds_median": 0.09228308300953358, "test_latency_seconds_samples": [0.09228308300953358, 0.09263433306477964, 0.09225916699506342], "process_peak_rss_bytes": 2201845760}
{"method": "stratified", "rows": 32, "seed": 42, "compression": 14.375, "N": 460, "d": 8, "K": 2, "context_class_counts": [21, 11], "compile": {"kl": 0.07196737825870514, "js": 0.01886693760752678, "agreement": 0.8311688303947449, "accuracy": 0.7142857142857143, "log_loss": 0.5299854874610901, "roc_auc": 0.7831481481481481}, "validation": {"kl": 0.06836794316768646, "js": 0.01765061728656292, "agreement": 0.7922077775001526, "accuracy": 0.6363636363636364, "log_loss": 0.6079702377319336, "roc_auc": 0.7096530920060332}, "test": {"kl": 0.07039313018321991, "js": 0.01831291988492012, "agreement": 0.8311688303947449, "accuracy": 0.6883116883116883, "log_loss": 0.5751330852508545, "roc_auc": 0.7392592592592593}, "generalization_gap_validation": -0.0035994350910186768, "generalization_gap_test": -0.0015742480754852295, "test_latency_seconds_median": 0.09824545797891915, "test_latency_seconds_samples": [0.11110704205930233, 0.09824545797891915, 0.09444341692142189], "process_peak_rss_bytes": 2201845760}
Gradients m=32: {'X': 0.16979241371154785, 'y': None}
m=32 seed=42 stratified step=10 compile KL=0.030179 elapsed=2.4s
m=32 seed=42 stratified step=20 compile KL=0.022694 elapsed=4.3s
m=32 seed=42 stratified step=30 compile KL=0.015489 elapsed=6.1s
m=32 seed=42 stratified step=40 compile KL=0.013145 elapsed=8.0s
m=32 seed=42 stratified step=50 compile KL=0.020690 elapsed=9.8s
{"method": "synthetic_stratified", "rows": 32, "seed": 42, "compression": 14.375, "N": 460, "d": 8, "K": 2, "context_class_counts": [21, 11], "compile": {"kl": 0.013145278207957745, "js": 0.003313010558485985, "agreement": 0.9610389471054077, "accuracy": 0.7532467532467533, "log_loss": 0.45506614446640015, "roc_auc": 0.8475925925925926}, "validation": {"kl": 0.01733783818781376, "js": 0.0043344199657440186, "agreement": 0.9350649118423462, "accuracy": 0.7012987012987013, "log_loss": 0.5115293860435486, "roc_auc": 0.7933634992458521}, "test": {"kl": 0.019158324226737022, "js": 0.0047754934057593346, "agreement": 0.948051929473877, "accuracy": 0.7272727272727273, "log_loss": 0.4979170858860016, "roc_auc": 0.8162962962962963}, "generalization_gap_validation": 0.004192559979856014, "generalization_gap_test": 0.006013046018779278, "test_latency_seconds_median": 0.09827800001949072, "test_latency_seconds_samples": [0.09719708294142038, 0.10094408295117319, 0.09827800001949072], "process_peak_rss_bytes": 2201845760}
{"method": "stratified", "rows": 32, "seed": 43, "compression": 14.375, "N": 460, "d": 8, "K": 2, "context_class_counts": [21, 11], "compile": {"kl": 0.07883421331644058, "js": 0.019920140504837036, "agreement": 0.7792207598686218, "accuracy": 0.7012987012987013, "log_loss": 0.5272355675697327, "roc_auc": 0.7903703703703704}, "validation": {"kl": 0.0962393656373024, "js": 0.023688655346632004, "agreement": 0.8051947951316833, "accuracy": 0.6753246753246753, "log_loss": 0.5599467158317566, "roc_auc": 0.744343891402715}, "test": {"kl": 0.08815170079469681, "js": 0.021843012422323227, "agreement": 0.8051947951316833, "accuracy": 0.7402597402597403, "log_loss": 0.49059271812438965, "roc_auc": 0.8288888888888889}, "generalization_gap_validation": 0.017405152320861816, "generalization_gap_test": 0.009317487478256226, "test_latency_seconds_median": 0.09658775001298636, "test_latency_seconds_samples": [0.09658775001298636, 0.09632204193621874, 0.09690554195549339], "process_peak_rss_bytes": 2201845760}
Gradients m=32: {'X': 0.1280519664287567, 'y': None}
m=32 seed=43 stratified step=10 compile KL=0.059611 elapsed=1.8s
m=32 seed=43 stratified step=20 compile KL=0.039543 elapsed=3.6s
m=32 seed=43 stratified step=30 compile KL=0.028682 elapsed=5.7s
m=32 seed=43 stratified step=40 compile KL=0.019766 elapsed=7.5s
m=32 seed=43 stratified step=50 compile KL=0.017272 elapsed=9.3s
{"method": "synthetic_stratified", "rows": 32, "seed": 43, "compression": 14.375, "N": 460, "d": 8, "K": 2, "context_class_counts": [21, 11], "compile": {"kl": 0.017272137105464935, "js": 0.004331322852522135, "agreement": 0.9415584206581116, "accuracy": 0.7597402597402597, "log_loss": 0.450156033039093, "roc_auc": 0.8529629629629629}, "validation": {"kl": 0.021118324249982834, "js": 0.0051168715581297874, "agreement": 0.9350649118423462, "accuracy": 0.7272727272727273, "log_loss": 0.5221245288848877, "roc_auc": 0.7963800904977376}, "test": {"kl": 0.015065490268170834, "js": 0.0037842453457415104, "agreement": 0.948051929473877, "accuracy": 0.7532467532467533, "log_loss": 0.47039952874183655, "roc_auc": 0.8377777777777777}, "generalization_gap_validation": 0.0038461871445178986, "generalization_gap_test": -0.0022066468372941017, "test_latency_seconds_median": 0.09748954197857529, "test_latency_seconds_samples": [0.09934962505940348, 0.09748954197857529, 0.09346866607666016], "process_peak_rss_bytes": 2201845760}
{"method": "stratified", "rows": 32, "seed": 44, "compression": 14.375, "N": 460, "d": 8, "K": 2, "context_class_counts": [21, 11], "compile": {"kl": 0.08211725950241089, "js": 0.022023605182766914, "agreement": 0.7857142686843872, "accuracy": 0.6948051948051948, "log_loss": 0.5374361276626587, "roc_auc": 0.7833333333333333}, "validation": {"kl": 0.07384760677814484, "js": 0.019503137096762657, "agreement": 0.8181818127632141, "accuracy": 0.6103896103896104, "log_loss": 0.6183473467826843, "roc_auc": 0.6877828054298643}, "test": {"kl": 0.08399210125207901, "js": 0.022551411762833595, "agreement": 0.8181818127632141, "accuracy": 0.7012987012987013, "log_loss": 0.5593971610069275, "roc_auc": 0.7674074074074073}, "generalization_gap_validation": -0.008269652724266052, "generalization_gap_test": 0.0018748417496681213, "test_latency_seconds_median": 0.09593149996362627, "test_latency_seconds_samples": [0.09459162491839379, 0.09593149996362627, 0.09738349996041507], "process_peak_rss_bytes": 2201845760}
Gradients m=32: {'X': 0.07930362969636917, 'y': None}
m=32 seed=44 stratified step=10 compile KL=0.072082 elapsed=1.8s
m=32 seed=44 stratified step=20 compile KL=0.049563 elapsed=3.8s
m=32 seed=44 stratified step=30 compile KL=0.047839 elapsed=5.6s
m=32 seed=44 stratified step=40 compile KL=0.029569 elapsed=7.4s
m=32 seed=44 stratified step=50 compile KL=0.023666 elapsed=9.2s
{"method": "synthetic_stratified", "rows": 32, "seed": 44, "compression": 14.375, "N": 460, "d": 8, "K": 2, "context_class_counts": [21, 11], "compile": {"kl": 0.02366582676768303, "js": 0.006051636300981045, "agreement": 0.9285714030265808, "accuracy": 0.7597402597402597, "log_loss": 0.47842535376548767, "roc_auc": 0.8337037037037036}, "validation": {"kl": 0.027520110830664635, "js": 0.006790785118937492, "agreement": 0.9220778942108154, "accuracy": 0.7142857142857143, "log_loss": 0.5854911804199219, "roc_auc": 0.7458521870286576}, "test": {"kl": 0.018660487607121468, "js": 0.004701250232756138, "agreement": 0.9740259647369385, "accuracy": 0.7532467532467533, "log_loss": 0.5324050784111023, "roc_auc": 0.802962962962963}, "generalization_gap_validation": 0.0038542840629816055, "generalization_gap_test": -0.005005339160561562, "test_latency_seconds_median": 0.15878729103133082, "test_latency_seconds_samples": [0.16204624995589256, 0.15878729103133082, 0.0990580830257386], "process_peak_rss_bytes": 2201845760}
{"method": "stratified", "rows": 128, "seed": 42, "compression": 3.59375, "N": 460, "d": 8, "K": 2, "context_class_counts": [83, 45], "compile": {"kl": 0.01923246681690216, "js": 0.004959386773407459, "agreement": 0.9220778942108154, "accuracy": 0.7532467532467533, "log_loss": 0.45551687479019165, "roc_auc": 0.8509259259259259}, "validation": {"kl": 0.01840304024517536, "js": 0.004818268585950136, "agreement": 0.8831169009208679, "accuracy": 0.6753246753246753, "log_loss": 0.5188735723495483, "roc_auc": 0.7820512820512819}, "test": {"kl": 0.019061878323554993, "js": 0.00495121069252491, "agreement": 0.9350649118423462, "accuracy": 0.6623376623376623, "log_loss": 0.5102567076683044, "roc_auc": 0.8111111111111111}, "generalization_gap_validation": -0.000829426571726799, "generalization_gap_test": -0.00017058849334716797, "test_latency_seconds_median": 0.11450087500270456, "test_latency_seconds_samples": [0.11456170794554055, 0.11144216707907617, 0.11450087500270456], "process_peak_rss_bytes": 2201845760}
Gradients m=128: {'X': 0.13340330123901367, 'y': None}
m=128 seed=42 stratified step=10 compile KL=0.007001 elapsed=2.2s
m=128 seed=42 stratified step=20 compile KL=0.004564 elapsed=4.0s
m=128 seed=42 stratified step=30 compile KL=0.003285 elapsed=5.9s
m=128 seed=42 stratified step=40 compile KL=0.002274 elapsed=7.8s
m=128 seed=42 stratified step=50 compile KL=0.001772 elapsed=9.6s
{"method": "synthetic_stratified", "rows": 128, "seed": 42, "compression": 3.59375, "N": 460, "d": 8, "K": 2, "context_class_counts": [83, 45], "compile": {"kl": 0.0017715803114697337, "js": 0.0004450386040844023, "agreement": 0.9610389471054077, "accuracy": 0.7662337662337663, "log_loss": 0.45179376006126404, "roc_auc": 0.8524074074074074}, "validation": {"kl": 0.006283205933868885, "js": 0.001566837658174336, "agreement": 0.9870129823684692, "accuracy": 0.7272727272727273, "log_loss": 0.4791182577610016, "roc_auc": 0.8159879336349924}, "test": {"kl": 0.004570539575070143, "js": 0.0011715549044311047, "agreement": 0.9610389471054077, "accuracy": 0.7402597402597403, "log_loss": 0.4873611032962799, "roc_auc": 0.8251851851851852}, "generalization_gap_validation": 0.004511625622399151, "generalization_gap_test": 0.002798959263600409, "test_latency_seconds_median": 0.11350766697432846, "test_latency_seconds_samples": [0.11373491701669991, 0.11350766697432846, 0.11215258401352912], "process_peak_rss_bytes": 2201845760}
{"method": "stratified", "rows": 128, "seed": 43, "compression": 3.59375, "N": 460, "d": 8, "K": 2, "context_class_counts": [83, 45], "compile": {"kl": 0.02376510575413704, "js": 0.005703698843717575, "agreement": 0.9350649118423462, "accuracy": 0.7532467532467533, "log_loss": 0.4951193630695343, "roc_auc": 0.8153703703703703}, "validation": {"kl": 0.01890154927968979, "js": 0.004369557835161686, "agreement": 0.9610389471054077, "accuracy": 0.7272727272727273, "log_loss": 0.5326683521270752, "roc_auc": 0.7858220211161387}, "test": {"kl": 0.0242649856954813, "js": 0.005445023532956839, "agreement": 0.9610389471054077, "accuracy": 0.7142857142857143, "log_loss": 0.5289987921714783, "roc_auc": 0.8044444444444445}, "generalization_gap_validation": -0.00486355647444725, "generalization_gap_test": 0.0004998799413442612, "test_latency_seconds_median": 0.11194491700734943, "test_latency_seconds_samples": [0.11330537497997284, 0.11194491700734943, 0.11152766598388553], "process_peak_rss_bytes": 2201845760}
Gradients m=128: {'X': 0.13064433634281158, 'y': None}
m=128 seed=43 stratified step=10 compile KL=0.016471 elapsed=2.0s
m=128 seed=43 stratified step=20 compile KL=0.007635 elapsed=4.0s
m=128 seed=43 stratified step=30 compile KL=0.006449 elapsed=6.0s
m=128 seed=43 stratified step=40 compile KL=0.005701 elapsed=8.1s
m=128 seed=43 stratified step=50 compile KL=0.004776 elapsed=10.6s
{"method": "synthetic_stratified", "rows": 128, "seed": 43, "compression": 3.59375, "N": 460, "d": 8, "K": 2, "context_class_counts": [83, 45], "compile": {"kl": 0.004776433575898409, "js": 0.001203465275466442, "agreement": 0.9740259647369385, "accuracy": 0.7532467532467533, "log_loss": 0.45535609126091003, "roc_auc": 0.8451851851851852}, "validation": {"kl": 0.006968890782445669, "js": 0.001692173769697547, "agreement": 0.948051929473877, "accuracy": 0.7142857142857143, "log_loss": 0.5105746388435364, "roc_auc": 0.8001508295625943}, "test": {"kl": 0.007513900753110647, "js": 0.0018203642684966326, "agreement": 0.9740259647369385, "accuracy": 0.7532467532467533, "log_loss": 0.49131903052330017, "roc_auc": 0.8266666666666667}, "generalization_gap_validation": 0.0021924572065472603, "generalization_gap_test": 0.0027374671772122383, "test_latency_seconds_median": 0.11824495904147625, "test_latency_seconds_samples": [0.11770079203415662, 0.11824495904147625, 0.17023550008889288], "process_peak_rss_bytes": 2201845760}
{"method": "stratified", "rows": 128, "seed": 44, "compression": 3.59375, "N": 460, "d": 8, "K": 2, "context_class_counts": [83, 45], "compile": {"kl": 0.029508216306567192, "js": 0.006985453423112631, "agreement": 0.8896104097366333, "accuracy": 0.7207792207792207, "log_loss": 0.48684969544410706, "roc_auc": 0.8161111111111111}, "validation": {"kl": 0.030107418075203896, "js": 0.0072616757825016975, "agreement": 0.8701298832893372, "accuracy": 0.7402597402597403, "log_loss": 0.5481076240539551, "roc_auc": 0.7714932126696832}, "test": {"kl": 0.025988591834902763, "js": 0.00616895966231823, "agreement": 0.948051929473877, "accuracy": 0.7792207792207793, "log_loss": 0.49221986532211304, "roc_auc": 0.84}, "generalization_gap_validation": 0.0005992017686367035, "generalization_gap_test": -0.0035196244716644287, "test_latency_seconds_median": 0.11889995797537267, "test_latency_seconds_samples": [0.11626529204659164, 0.11889995797537267, 0.11893366603180766], "process_peak_rss_bytes": 2201845760}
Gradients m=128: {'X': 0.057897310703992844, 'y': None}
m=128 seed=44 stratified step=10 compile KL=0.015251 elapsed=2.1s
m=128 seed=44 stratified step=20 compile KL=0.012271 elapsed=4.1s
m=128 seed=44 stratified step=30 compile KL=0.010283 elapsed=7.2s
m=128 seed=44 stratified step=40 compile KL=0.008668 elapsed=9.7s
m=128 seed=44 stratified step=50 compile KL=0.006218 elapsed=12.3s
{"method": "synthetic_stratified", "rows": 128, "seed": 44, "compression": 3.59375, "N": 460, "d": 8, "K": 2, "context_class_counts": [83, 45], "compile": {"kl": 0.006217616144567728, "js": 0.0015393662033602595, "agreement": 0.9610389471054077, "accuracy": 0.7532467532467533, "log_loss": 0.4579903781414032, "roc_auc": 0.8466666666666668}, "validation": {"kl": 0.011097720824182034, "js": 0.002710383851081133, "agreement": 0.9610389471054077, "accuracy": 0.7272727272727273, "log_loss": 0.5217945575714111, "roc_auc": 0.7918552036199096}, "test": {"kl": 0.005118937231600285, "js": 0.0012605255469679832, "agreement": 0.9740259647369385, "accuracy": 0.7532467532467533, "log_loss": 0.49391981959342957, "roc_auc": 0.8237037037037036}, "generalization_gap_validation": 0.0048801046796143055, "generalization_gap_test": -0.0010986789129674435, "test_latency_seconds_median": 0.11993374989833683, "test_latency_seconds_samples": [0.1228425829904154, 0.11993374989833683, 0.11640916694886982], "process_peak_rss_bytes": 2201845760}
