Split sizes: {'context': 1386, 'compile': 462, 'validation': 231, 'test': 231}
Teacher compile: 6.25s
Teacher validation: 2.55s
Teacher test: 2.54s
{"method": "full", "rows": 1386, "seed": 42, "compression": 1.0, "N": 1386, "d": 19, "K": 7, "context_class_counts": [198, 198, 198, 198, 198, 198, 198], "compile": {"kl": 0.0, "js": 0.0, "agreement": 1.0, "accuracy": 0.9978354978354979, "log_loss": 0.021464908495545387, "roc_auc": 0.9997977611613974}, "validation": {"kl": 0.0, "js": 0.0, "agreement": 1.0, "accuracy": 0.9956709956709957, "log_loss": 0.027932370081543922, "roc_auc": 0.9999344090253182}, "test": {"kl": 0.0, "js": 0.0, "agreement": 1.0, "accuracy": 0.9913419913419913, "log_loss": 0.028424479067325592, "roc_auc": 0.999934409025318}, "generalization_gap_validation": 0.0, "generalization_gap_test": 0.0, "test_latency_seconds_median": 2.475179583998397, "test_latency_seconds_samples": [2.4591990830376744, 2.475179583998397, 2.5875325000379235], "process_peak_rss_bytes": 2287304704}
{"method": "stratified", "rows": 8, "seed": 42, "compression": 173.25, "N": 1386, "d": 19, "K": 7, "context_class_counts": [2, 1, 1, 1, 1, 1, 1], "compile": {"kl": 1.5178345441818237, "js": 0.3924686908721924, "agreement": 0.551948070526123, "accuracy": 0.5497835497835498, "log_loss": 1.554868459701538, "roc_auc": 0.8489330534785081}, "validation": {"kl": 1.4901421070098877, "js": 0.3865034282207489, "agreement": 0.5800865888595581, "accuracy": 0.5800865800865801, "log_loss": 1.542116403579712, "roc_auc": 0.8560715378897197}, "test": {"kl": 1.5284665822982788, "js": 0.39490705728530884, "agreement": 0.5151515007019043, "accuracy": 0.5108225108225108, "log_loss": 1.576306939125061, "roc_auc": 0.841466614193887}, "generalization_gap_validation": -0.027692437171936035, "generalization_gap_test": 0.010632038116455078, "test_latency_seconds_median": 0.18307320796884596, "test_latency_seconds_samples": [0.18307320796884596, 0.1830936250044033, 0.17515008302871138], "process_peak_rss_bytes": 2287304704}
Gradients m=8: {'X': 9.974995613098145, 'y': None}
m=8 seed=42 stratified step=10 compile KL=1.301354 elapsed=3.2s
m=8 seed=42 stratified step=20 compile KL=1.154522 elapsed=5.7s
m=8 seed=42 stratified step=30 compile KL=1.131657 elapsed=7.7s
m=8 seed=42 stratified step=40 compile KL=1.020545 elapsed=10.3s
m=8 seed=42 stratified step=50 compile KL=1.095911 elapsed=12.4s
{"method": "synthetic_stratified", "rows": 8, "seed": 42, "compression": 173.25, "N": 1386, "d": 19, "K": 7, "context_class_counts": [2, 1, 1, 1, 1, 1, 1], "compile": {"kl": 1.0205447673797607, "js": 0.27212226390838623, "agreement": 0.738095223903656, "accuracy": 0.7359307359307359, "log_loss": 1.0569846630096436, "roc_auc": 0.902121868030959}, "validation": {"kl": 0.9963037371635437, "js": 0.26549047231674194, "agreement": 0.7142857313156128, "accuracy": 0.7142857142857143, "log_loss": 1.050635814666748, "roc_auc": 0.9128951856224584}, "test": {"kl": 1.0437936782836914, "js": 0.27868372201919556, "agreement": 0.7229437232017517, "accuracy": 0.7186147186147186, "log_loss": 1.0917021036148071, "roc_auc": 0.9030128121037212}, "generalization_gap_validation": -0.02424103021621704, "generalization_gap_test": 0.023248910903930664, "test_latency_seconds_median": 0.1786198749905452, "test_latency_seconds_samples": [0.1810851659392938, 0.1780674170004204, 0.1786198749905452], "process_peak_rss_bytes": 2287304704}
{"method": "stratified", "rows": 8, "seed": 43, "compression": 173.25, "N": 1386, "d": 19, "K": 7, "context_class_counts": [1, 1, 1, 2, 1, 1, 1], "compile": {"kl": 1.516337513923645, "js": 0.3947533965110779, "agreement": 0.7056276798248291, "accuracy": 0.7034632034632035, "log_loss": 1.5513195991516113, "roc_auc": 0.8773339455157637}, "validation": {"kl": 1.4857946634292603, "js": 0.387600302696228, "agreement": 0.7142857313156128, "accuracy": 0.7142857142857143, "log_loss": 1.53622567653656, "roc_auc": 0.8812147448511085}, "test": {"kl": 1.4909205436706543, "js": 0.3898731768131256, "agreement": 0.701298713684082, "accuracy": 0.7012987012987013, "log_loss": 1.5350843667984009, "roc_auc": 0.8876426603699331}, "generalization_gap_validation": -0.030542850494384766, "generalization_gap_test": -0.025416970252990723, "test_latency_seconds_median": 0.17886895895935595, "test_latency_seconds_samples": [0.17886895895935595, 0.18447837489657104, 0.17846570804249495], "process_peak_rss_bytes": 2287304704}
Gradients m=8: {'X': 0.3699662685394287, 'y': None}
m=8 seed=43 stratified step=10 compile KL=1.382735 elapsed=2.2s
m=8 seed=43 stratified step=20 compile KL=1.180609 elapsed=4.6s
m=8 seed=43 stratified step=30 compile KL=1.176421 elapsed=6.8s
m=8 seed=43 stratified step=40 compile KL=1.107120 elapsed=9.3s
m=8 seed=43 stratified step=50 compile KL=1.096920 elapsed=11.6s
{"method": "synthetic_stratified", "rows": 8, "seed": 43, "compression": 173.25, "N": 1386, "d": 19, "K": 7, "context_class_counts": [1, 1, 1, 2, 1, 1, 1], "compile": {"kl": 1.0969204902648926, "js": 0.2882075607776642, "agreement": 0.7402597665786743, "accuracy": 0.7380952380952381, "log_loss": 1.1342458724975586, "roc_auc": 0.8992194674012856}, "validation": {"kl": 1.0683592557907104, "js": 0.281426340341568, "agreement": 0.7489177584648132, "accuracy": 0.7532467532467533, "log_loss": 1.1187100410461426, "roc_auc": 0.9061393152302243}, "test": {"kl": 1.0869868993759155, "js": 0.28894490003585815, "agreement": 0.7186146974563599, "accuracy": 0.7186147186147186, "log_loss": 1.1354645490646362, "roc_auc": 0.9057457693821329}, "generalization_gap_validation": -0.02856123447418213, "generalization_gap_test": -0.00993359088897705, "test_latency_seconds_median": 0.1824432919966057, "test_latency_seconds_samples": [0.1824432919966057, 0.1834050000179559, 0.18007679202128202], "process_peak_rss_bytes": 2287304704}
{"method": "stratified", "rows": 8, "seed": 44, "compression": 173.25, "N": 1386, "d": 19, "K": 7, "context_class_counts": [1, 1, 1, 1, 1, 2, 1], "compile": {"kl": 1.5504448413848877, "js": 0.3997093439102173, "agreement": 0.523809552192688, "accuracy": 0.5238095238095238, "log_loss": 1.5855909585952759, "roc_auc": 0.8876317285408195}, "validation": {"kl": 1.5470682382583618, "js": 0.398136705160141, "agreement": 0.523809552192688, "accuracy": 0.5238095238095238, "log_loss": 1.5986584424972534, "roc_auc": 0.871900826446281}, "test": {"kl": 1.5551707744598389, "js": 0.40014728903770447, "agreement": 0.46320345997810364, "accuracy": 0.46320346320346323, "log_loss": 1.5999161005020142, "roc_auc": 0.8807993353447898}, "generalization_gap_validation": -0.003376603126525879, "generalization_gap_test": 0.004725933074951172, "test_latency_seconds_median": 0.20220062497537583, "test_latency_seconds_samples": [0.3241756670176983, 0.20220062497537583, 0.18320395902264863], "process_peak_rss_bytes": 2287304704}
Gradients m=8: {'X': 2.371607780456543, 'y': None}
m=8 seed=44 stratified step=10 compile KL=1.326656 elapsed=2.3s
m=8 seed=44 stratified step=20 compile KL=1.228406 elapsed=4.7s
m=8 seed=44 stratified step=30 compile KL=1.182352 elapsed=6.8s
m=8 seed=44 stratified step=40 compile KL=1.116500 elapsed=9.8s
m=8 seed=44 stratified step=50 compile KL=1.166739 elapsed=12.0s
{"method": "synthetic_stratified", "rows": 8, "seed": 44, "compression": 173.25, "N": 1386, "d": 19, "K": 7, "context_class_counts": [1, 1, 1, 1, 1, 2, 1], "compile": {"kl": 1.1165004968643188, "js": 0.30625465512275696, "agreement": 0.738095223903656, "accuracy": 0.7380952380952381, "log_loss": 1.1514384746551514, "roc_auc": 0.9459530368621278}, "validation": {"kl": 1.1206886768341064, "js": 0.3066609799861908, "agreement": 0.6969696879386902, "accuracy": 0.7012987012987013, "log_loss": 1.16976797580719, "roc_auc": 0.9449035812672176}, "test": {"kl": 1.1477811336517334, "js": 0.31285709142684937, "agreement": 0.6753246784210205, "accuracy": 0.6796536796536796, "log_loss": 1.1917122602462769, "roc_auc": 0.9396563032926669}, "generalization_gap_validation": 0.004188179969787598, "generalization_gap_test": 0.03128063678741455, "test_latency_seconds_median": 0.17829108308069408, "test_latency_seconds_samples": [0.17784345906693488, 0.17829108308069408, 0.18286783306393772], "process_peak_rss_bytes": 2287304704}
{"method": "stratified", "rows": 32, "seed": 42, "compression": 43.3125, "N": 1386, "d": 19, "K": 7, "context_class_counts": [5, 5, 5, 4, 4, 5, 4], "compile": {"kl": 0.4150013327598572, "js": 0.10841518640518188, "agreement": 0.8614718317985535, "accuracy": 0.8614718614718615, "log_loss": 0.4551038146018982, "roc_auc": 0.9741298264025537}, "validation": {"kl": 0.3859789967536926, "js": 0.10244046151638031, "agreement": 0.8614718317985535, "accuracy": 0.8614718614718615, "log_loss": 0.4325619041919708, "roc_auc": 0.9757532030259304}, "test": {"kl": 0.43400296568870544, "js": 0.1103765070438385, "agreement": 0.8614718317985535, "accuracy": 0.8614718614718615, "log_loss": 0.4732702374458313, "roc_auc": 0.9724080633171541}, "generalization_gap_validation": -0.02902233600616455, "generalization_gap_test": 0.019001632928848267, "test_latency_seconds_median": 0.20219308300875127, "test_latency_seconds_samples": [0.2417570420075208, 0.1955402079038322, 0.20219308300875127], "process_peak_rss_bytes": 2287304704}
Gradients m=32: {'X': 0.7577509880065918, 'y': None}
m=32 seed=42 stratified step=10 compile KL=0.178290 elapsed=2.4s
m=32 seed=42 stratified step=20 compile KL=0.116804 elapsed=4.5s
m=32 seed=42 stratified step=30 compile KL=0.099158 elapsed=6.6s
m=32 seed=42 stratified step=40 compile KL=0.086753 elapsed=8.8s
m=32 seed=42 stratified step=50 compile KL=0.084653 elapsed=10.9s
{"method": "synthetic_stratified", "rows": 32, "seed": 42, "compression": 43.3125, "N": 1386, "d": 19, "K": 7, "context_class_counts": [5, 5, 5, 4, 4, 5, 4], "compile": {"kl": 0.08465293049812317, "js": 0.02257120981812477, "agreement": 0.963203489780426, "accuracy": 0.961038961038961, "log_loss": 0.11567332595586777, "roc_auc": 0.9979284183829638}, "validation": {"kl": 0.130714550614357, "js": 0.03021848201751709, "agreement": 0.9350649118423462, "accuracy": 0.9393939393939394, "log_loss": 0.15746638178825378, "roc_auc": 0.99628317810136}, "test": {"kl": 0.13099081814289093, "js": 0.03165235370397568, "agreement": 0.9437229633331299, "accuracy": 0.935064935064935, "log_loss": 0.17257723212242126, "roc_auc": 0.9951462678735405}, "generalization_gap_validation": 0.046061620116233826, "generalization_gap_test": 0.04633788764476776, "test_latency_seconds_median": 0.18980833294335753, "test_latency_seconds_samples": [0.18774479196872562, 0.18980833294335753, 0.19136600010097027], "process_peak_rss_bytes": 2287304704}
{"method": "stratified", "rows": 32, "seed": 43, "compression": 43.3125, "N": 1386, "d": 19, "K": 7, "context_class_counts": [4, 4, 5, 5, 4, 5, 5], "compile": {"kl": 0.3806975781917572, "js": 0.09451322257518768, "agreement": 0.8354978561401367, "accuracy": 0.8354978354978355, "log_loss": 0.41420525312423706, "roc_auc": 0.9804702872884691}, "validation": {"kl": 0.30353057384490967, "js": 0.07584406435489655, "agreement": 0.8787878751754761, "accuracy": 0.8787878787878788, "log_loss": 0.35810863971710205, "roc_auc": 0.9831212558485286}, "test": {"kl": 0.32918378710746765, "js": 0.0840846598148346, "agreement": 0.8484848737716675, "accuracy": 0.8484848484848485, "log_loss": 0.3702648878097534, "roc_auc": 0.9850452577725305}, "generalization_gap_validation": -0.07716700434684753, "generalization_gap_test": -0.05151379108428955, "test_latency_seconds_median": 0.1888026250526309, "test_latency_seconds_samples": [0.19175374996848404, 0.18846895801834762, 0.1888026250526309], "process_peak_rss_bytes": 2287304704}
Gradients m=32: {'X': 1.0059219598770142, 'y': None}
m=32 seed=43 stratified step=10 compile KL=0.143528 elapsed=2.1s
m=32 seed=43 stratified step=20 compile KL=0.111058 elapsed=4.2s
m=32 seed=43 stratified step=30 compile KL=0.079388 elapsed=6.3s
m=32 seed=43 stratified step=40 compile KL=0.068309 elapsed=8.4s
m=32 seed=43 stratified step=50 compile KL=0.067070 elapsed=10.5s
{"method": "synthetic_stratified", "rows": 32, "seed": 43, "compression": 43.3125, "N": 1386, "d": 19, "K": 7, "context_class_counts": [4, 4, 5, 5, 4, 5, 5], "compile": {"kl": 0.06707046180963516, "js": 0.019464049488306046, "agreement": 0.9783549904823303, "accuracy": 0.9761904761904762, "log_loss": 0.09529751539230347, "roc_auc": 0.9987428396519304}, "validation": {"kl": 0.13757742941379547, "js": 0.03428325057029724, "agreement": 0.9264069199562073, "accuracy": 0.9264069264069265, "log_loss": 0.18577434122562408, "roc_auc": 0.9958021776203595}, "test": {"kl": 0.13268499076366425, "js": 0.032949648797512054, "agreement": 0.9567099809646606, "accuracy": 0.948051948051948, "log_loss": 0.16010670363903046, "roc_auc": 0.996589269316542}, "generalization_gap_validation": 0.07050696760416031, "generalization_gap_test": 0.06561452895402908, "test_latency_seconds_median": 0.19053124997299165, "test_latency_seconds_samples": [0.19053124997299165, 0.19024524989072233, 0.1908291670260951], "process_peak_rss_bytes": 2287304704}
{"method": "stratified", "rows": 32, "seed": 44, "compression": 43.3125, "N": 1386, "d": 19, "K": 7, "context_class_counts": [5, 4, 5, 4, 4, 5, 5], "compile": {"kl": 0.38462531566619873, "js": 0.09205520153045654, "agreement": 0.8593073487281799, "accuracy": 0.8571428571428571, "log_loss": 0.4205859303474426, "roc_auc": 0.9766769425860334}, "validation": {"kl": 0.2992013990879059, "js": 0.0776749700307846, "agreement": 0.8831169009208679, "accuracy": 0.8831168831168831, "log_loss": 0.34432539343833923, "roc_auc": 0.9845861209497573}, "test": {"kl": 0.34705623984336853, "js": 0.08714455366134644, "agreement": 0.8658008575439453, "accuracy": 0.8658008658008658, "log_loss": 0.37978658080101013, "roc_auc": 0.9825965280510737}, "generalization_gap_validation": -0.08542391657829285, "generalization_gap_test": -0.0375690758228302, "test_latency_seconds_median": 0.19046258402522653, "test_latency_seconds_samples": [0.19046258402522653, 0.18867216701619327, 0.19087337492965162], "process_peak_rss_bytes": 2287304704}
Gradients m=32: {'X': 1.5277669429779053, 'y': None}
m=32 seed=44 stratified step=10 compile KL=0.125427 elapsed=2.1s
m=32 seed=44 stratified step=20 compile KL=0.085308 elapsed=4.2s
m=32 seed=44 stratified step=30 compile KL=0.077367 elapsed=6.3s
m=32 seed=44 stratified step=40 compile KL=0.078999 elapsed=8.4s
m=32 seed=44 stratified step=50 compile KL=0.057221 elapsed=10.5s
{"method": "synthetic_stratified", "rows": 32, "seed": 44, "compression": 43.3125, "N": 1386, "d": 19, "K": 7, "context_class_counts": [5, 4, 5, 4, 4, 5, 5], "compile": {"kl": 0.05722086504101753, "js": 0.015195813030004501, "agreement": 0.9848484992980957, "accuracy": 0.9826839826839827, "log_loss": 0.0820925161242485, "roc_auc": 0.9988466920285103}, "validation": {"kl": 0.10693670064210892, "js": 0.026720259338617325, "agreement": 0.9437229633331299, "accuracy": 0.9437229437229437, "log_loss": 0.13539046049118042, "roc_auc": 0.9972233154051336}, "test": {"kl": 0.09610261023044586, "js": 0.02468552254140377, "agreement": 0.9653679728507996, "accuracy": 0.9567099567099567, "log_loss": 0.1302490532398224, "roc_auc": 0.9973544973544973}, "generalization_gap_validation": 0.049715835601091385, "generalization_gap_test": 0.03888174518942833, "test_latency_seconds_median": 0.1873939170036465, "test_latency_seconds_samples": [0.189631208893843, 0.1864556249929592, 0.1873939170036465], "process_peak_rss_bytes": 2287304704}
{"method": "stratified", "rows": 128, "seed": 42, "compression": 10.828125, "N": 1386, "d": 19, "K": 7, "context_class_counts": [19, 19, 18, 18, 18, 18, 18], "compile": {"kl": 0.09209473431110382, "js": 0.0225132517516613, "agreement": 0.9588744640350342, "accuracy": 0.9567099567099567, "log_loss": 0.12786947190761566, "roc_auc": 0.9969008264462811}, "validation": {"kl": 0.12015694379806519, "js": 0.026718799024820328, "agreement": 0.948051929473877, "accuracy": 0.9437229437229437, "log_loss": 0.16094446182250977, "roc_auc": 0.9965455420000875}, "test": {"kl": 0.10943930596113205, "js": 0.029053010046482086, "agreement": 0.9437229633331299, "accuracy": 0.935064935064935, "log_loss": 0.16395191848278046, "roc_auc": 0.995408631772268}, "generalization_gap_validation": 0.028062209486961365, "generalization_gap_test": 0.01734457165002823, "test_latency_seconds_median": 0.2655169169884175, "test_latency_seconds_samples": [0.2655169169884175, 0.26420533296186477, 0.267419874900952], "process_peak_rss_bytes": 2287304704}
Gradients m=128: {'X': 0.6493398547172546, 'y': None}
m=128 seed=42 stratified step=10 compile KL=0.052401 elapsed=2.7s
m=128 seed=42 stratified step=20 compile KL=0.026890 elapsed=5.1s
m=128 seed=42 stratified step=30 compile KL=0.022041 elapsed=7.5s
m=128 seed=42 stratified step=40 compile KL=0.017446 elapsed=9.9s
m=128 seed=42 stratified step=50 compile KL=0.013571 elapsed=12.5s
{"method": "synthetic_stratified", "rows": 128, "seed": 42, "compression": 10.828125, "N": 1386, "d": 19, "K": 7, "context_class_counts": [19, 19, 18, 18, 18, 18, 18], "compile": {"kl": 0.013571216724812984, "js": 0.003779591992497444, "agreement": 0.9935064911842346, "accuracy": 0.9913419913419913, "log_loss": 0.04130147397518158, "roc_auc": 0.9993714198259652}, "validation": {"kl": 0.11002998054027557, "js": 0.02077077329158783, "agreement": 0.9567099809646606, "accuracy": 0.9567099567099567, "log_loss": 0.15197066962718964, "roc_auc": 0.9982290436835892}, "test": {"kl": 0.04307390749454498, "js": 0.010464956983923912, "agreement": 0.9826839566230774, "accuracy": 0.974025974025974, "log_loss": 0.06477554887533188, "roc_auc": 0.9993003629367265}, "generalization_gap_validation": 0.09645876381546259, "generalization_gap_test": 0.029502690769732, "test_latency_seconds_median": 0.2675028749508783, "test_latency_seconds_samples": [0.2656674579484388, 0.26764537498820573, 0.2675028749508783], "process_peak_rss_bytes": 2287304704}
{"method": "stratified", "rows": 128, "seed": 43, "compression": 10.828125, "N": 1386, "d": 19, "K": 7, "context_class_counts": [18, 18, 18, 19, 18, 19, 18], "compile": {"kl": 0.10089965164661407, "js": 0.024233045056462288, "agreement": 0.9523809552192688, "accuracy": 0.9502164502164502, "log_loss": 0.1305554211139679, "roc_auc": 0.997245179063361}, "validation": {"kl": 0.11513803154230118, "js": 0.029054179787635803, "agreement": 0.9307359457015991, "accuracy": 0.9307359307359307, "log_loss": 0.14621873199939728, "roc_auc": 0.9968953605317241}, "test": {"kl": 0.09846168011426926, "js": 0.021649405360221863, "agreement": 0.9653679728507996, "accuracy": 0.961038961038961, "log_loss": 0.13866961002349854, "roc_auc": 0.9967204512659059}, "generalization_gap_validation": 0.014238379895687103, "generalization_gap_test": -0.002437971532344818, "test_latency_seconds_median": 0.2684213339816779, "test_latency_seconds_samples": [0.26707016595173627, 0.2690054160775617, 0.2684213339816779], "process_peak_rss_bytes": 2287304704}
Gradients m=128: {'X': 0.4128781855106354, 'y': None}
m=128 seed=43 stratified step=10 compile KL=0.054312 elapsed=2.4s
m=128 seed=43 stratified step=20 compile KL=0.042216 elapsed=4.9s
m=128 seed=43 stratified step=30 compile KL=0.026161 elapsed=7.3s
m=128 seed=43 stratified step=40 compile KL=0.018253 elapsed=9.7s
m=128 seed=43 stratified step=50 compile KL=0.017796 elapsed=12.1s
{"method": "synthetic_stratified", "rows": 128, "seed": 43, "compression": 10.828125, "N": 1386, "d": 19, "K": 7, "context_class_counts": [18, 18, 18, 19, 18, 19, 18], "compile": {"kl": 0.017796432599425316, "js": 0.00426151929423213, "agreement": 0.9913420081138611, "accuracy": 0.9891774891774892, "log_loss": 0.04048701748251915, "roc_auc": 0.9996556473829201}, "validation": {"kl": 0.09475775063037872, "js": 0.01845739409327507, "agreement": 0.9567099809646606, "accuracy": 0.961038961038961, "log_loss": 0.10571581870317459, "roc_auc": 0.9985569985569985}, "test": {"kl": 0.050070278346538544, "js": 0.011933960020542145, "agreement": 0.9740259647369385, "accuracy": 0.9696969696969697, "log_loss": 0.07199038565158844, "roc_auc": 0.9992347719620447}, "generalization_gap_validation": 0.07696131803095341, "generalization_gap_test": 0.03227384574711323, "test_latency_seconds_median": 0.2693199999630451, "test_latency_seconds_samples": [0.26977362495381385, 0.2693199999630451, 0.26648312504403293], "process_peak_rss_bytes": 2287304704}
{"method": "stratified", "rows": 128, "seed": 44, "compression": 10.828125, "N": 1386, "d": 19, "K": 7, "context_class_counts": [18, 18, 19, 18, 18, 19, 18], "compile": {"kl": 0.09281916171312332, "js": 0.024605125188827515, "agreement": 0.9523809552192688, "accuracy": 0.9502164502164502, "log_loss": 0.12891194224357605, "roc_auc": 0.9970593379684288}, "validation": {"kl": 0.12557171285152435, "js": 0.031363941729068756, "agreement": 0.9307359457015991, "accuracy": 0.9307359307359307, "log_loss": 0.15505380928516388, "roc_auc": 0.9963924963924963}, "test": {"kl": 0.11722718179225922, "js": 0.030175715684890747, "agreement": 0.948051929473877, "accuracy": 0.9393939393939394, "log_loss": 0.16342996060848236, "roc_auc": 0.9959552232279505}, "generalization_gap_validation": 0.03275255113840103, "generalization_gap_test": 0.024408020079135895, "test_latency_seconds_median": 0.26697179197799414, "test_latency_seconds_samples": [0.2657579170772806, 0.26697179197799414, 0.27406883297953755], "process_peak_rss_bytes": 2287304704}
Gradients m=128: {'X': 0.5121020078659058, 'y': None}
m=128 seed=44 stratified step=10 compile KL=0.045938 elapsed=2.4s
m=128 seed=44 stratified step=20 compile KL=0.032469 elapsed=4.9s
m=128 seed=44 stratified step=30 compile KL=0.021298 elapsed=7.3s
m=128 seed=44 stratified step=40 compile KL=0.013122 elapsed=9.7s
m=128 seed=44 stratified step=50 compile KL=0.014205 elapsed=12.1s
{"method": "synthetic_stratified", "rows": 128, "seed": 44, "compression": 10.828125, "N": 1386, "d": 19, "K": 7, "context_class_counts": [18, 18, 19, 18, 18, 19, 18], "compile": {"kl": 0.013121805153787136, "js": 0.003813591320067644, "agreement": 0.9956709742546082, "accuracy": 0.9935064935064936, "log_loss": 0.04017993435263634, "roc_auc": 0.9992948970221697}, "validation": {"kl": 0.14944711327552795, "js": 0.026911986991763115, "agreement": 0.9350649118423462, "accuracy": 0.935064935064935, "log_loss": 0.17992936074733734, "roc_auc": 0.9954960864051773}, "test": {"kl": 0.06507770717144012, "js": 0.014030326157808304, "agreement": 0.9653679728507996, "accuracy": 0.9567099567099567, "log_loss": 0.10354521870613098, "roc_auc": 0.9980322707595434}, "generalization_gap_validation": 0.13632530812174082, "generalization_gap_test": 0.05195590201765299, "test_latency_seconds_median": 0.26766754093114287, "test_latency_seconds_samples": [0.26766754093114287, 0.2677352090831846, 0.2669333750382066], "process_peak_rss_bytes": 2287304704}
