Split sizes: {'context': 3861, 'compile': 1287, 'validation': 643, 'test': 644}
Teacher compile: 135.11s
Teacher validation: 69.77s
Teacher test: 70.74s
{"method": "full", "rows": 3861, "seed": 42, "compression": 1.0, "N": 3861, "d": 36, "K": 6, "context_class_counts": [920, 422, 815, 375, 424, 905], "compile": {"kl": 0.0, "js": 0.0, "agreement": 1.0, "accuracy": 0.9440559440559441, "log_loss": 0.15394927561283112, "roc_auc": 0.9958349770988292}, "validation": {"kl": 0.0, "js": 0.0, "agreement": 1.0, "accuracy": 0.9346811819595645, "log_loss": 0.1613282859325409, "roc_auc": 0.9951118054806191}, "test": {"kl": 0.0, "js": 0.0, "agreement": 1.0, "accuracy": 0.9254658385093167, "log_loss": 0.18905378878116608, "roc_auc": 0.9926094808220928}, "generalization_gap_validation": 0.0, "generalization_gap_test": 0.0, "test_latency_seconds_median": 75.07337016705424, "test_latency_seconds_samples": [76.17229708295781, 75.07337016705424, 73.26353579200804], "process_peak_rss_bytes": 3601432576}
{"method": "stratified", "rows": 8, "seed": 42, "compression": 482.625, "N": 3861, "d": 36, "K": 6, "context_class_counts": [2, 1, 1, 1, 1, 2], "compile": {"kl": 0.8299104571342468, "js": 0.2363511025905609, "agreement": 0.7808857560157776, "accuracy": 0.7746697746697747, "log_loss": 1.0046695470809937, "roc_auc": 0.9466675638109531}, "validation": {"kl": 0.8272426128387451, "js": 0.23509609699249268, "agreement": 0.7682737112045288, "accuracy": 0.749611197511664, "log_loss": 1.0173718929290771, "roc_auc": 0.9306149141997864}, "test": {"kl": 0.8257489204406738, "js": 0.23442688584327698, "agreement": 0.7795031070709229, "accuracy": 0.7577639751552795, "log_loss": 1.013206958770752, "roc_auc": 0.9414612944013614}, "generalization_gap_validation": -0.002667844295501709, "generalization_gap_test": -0.004161536693572998, "test_latency_seconds_median": 2.0840645839925855, "test_latency_seconds_samples": [2.081476707942784, 2.0840645839925855, 2.085105665959418], "process_peak_rss_bytes": 3601432576}
Gradients m=8: {'X': 0.2558823823928833, 'y': None}
m=8 seed=42 stratified step=10 compile KL=0.646998 elapsed=6.9s
m=8 seed=42 stratified step=20 compile KL=0.534317 elapsed=13.5s
m=8 seed=42 stratified step=30 compile KL=0.457265 elapsed=20.5s
m=8 seed=42 stratified step=40 compile KL=0.406036 elapsed=27.0s
m=8 seed=42 stratified step=50 compile KL=0.384185 elapsed=33.5s
{"method": "synthetic_stratified", "rows": 8, "seed": 42, "compression": 482.625, "N": 3861, "d": 36, "K": 6, "context_class_counts": [2, 1, 1, 1, 1, 2], "compile": {"kl": 0.3841854929924011, "js": 0.10793675482273102, "agreement": 0.8453768491744995, "accuracy": 0.8290598290598291, "log_loss": 0.558558464050293, "roc_auc": 0.9665118873366779}, "validation": {"kl": 0.4004065692424774, "js": 0.10996651649475098, "agreement": 0.8273717164993286, "accuracy": 0.807153965785381, "log_loss": 0.6062343716621399, "roc_auc": 0.9545083030840492}, "test": {"kl": 0.4099920094013214, "js": 0.11169715225696564, "agreement": 0.8354037404060364, "accuracy": 0.8090062111801242, "log_loss": 0.6075013875961304, "roc_auc": 0.9584892657328347}, "generalization_gap_validation": 0.016221076250076294, "generalization_gap_test": 0.025806516408920288, "test_latency_seconds_median": 1.616000916925259, "test_latency_seconds_samples": [1.6147130000172183, 1.616000916925259, 1.6691555420402437], "process_peak_rss_bytes": 3601432576}
{"method": "stratified", "rows": 8, "seed": 43, "compression": 482.625, "N": 3861, "d": 36, "K": 6, "context_class_counts": [2, 1, 1, 1, 1, 2], "compile": {"kl": 0.8574507236480713, "js": 0.2451210916042328, "agreement": 0.7560217380523682, "accuracy": 0.7474747474747475, "log_loss": 1.0391380786895752, "roc_auc": 0.9486322363916466}, "validation": {"kl": 0.8497284054756165, "js": 0.24277693033218384, "agreement": 0.7776049971580505, "accuracy": 0.7667185069984448, "log_loss": 1.0392091274261475, "roc_auc": 0.9394400314186088}, "test": {"kl": 0.8622527718544006, "js": 0.24594758450984955, "agreement": 0.7437888383865356, "accuracy": 0.7515527950310559, "log_loss": 1.047000765800476, "roc_auc": 0.9479605632957565}, "generalization_gap_validation": -0.007722318172454834, "generalization_gap_test": 0.004802048206329346, "test_latency_seconds_median": 1.6162176670040935, "test_latency_seconds_samples": [1.616916042054072, 1.6162176670040935, 1.6134419169975445], "process_peak_rss_bytes": 3601432576}
Gradients m=8: {'X': 0.25498369336128235, 'y': None}
m=8 seed=43 stratified step=10 compile KL=0.651516 elapsed=6.7s
m=8 seed=43 stratified step=20 compile KL=0.531321 elapsed=13.3s
m=8 seed=43 stratified step=30 compile KL=0.491162 elapsed=19.8s
m=8 seed=43 stratified step=40 compile KL=0.429567 elapsed=26.9s
m=8 seed=43 stratified step=50 compile KL=0.424132 elapsed=33.7s
{"method": "synthetic_stratified", "rows": 8, "seed": 43, "compression": 482.625, "N": 3861, "d": 36, "K": 6, "context_class_counts": [2, 1, 1, 1, 1, 2], "compile": {"kl": 0.42413192987442017, "js": 0.11660692095756531, "agreement": 0.8282828330993652, "accuracy": 0.8104118104118104, "log_loss": 0.5979505777359009, "roc_auc": 0.9621542879928434}, "validation": {"kl": 0.41676104068756104, "js": 0.1123579666018486, "agreement": 0.8351477384567261, "accuracy": 0.807153965785381, "log_loss": 0.6262164115905762, "roc_auc": 0.9544224766177063}, "test": {"kl": 0.45671388506889343, "js": 0.12245599925518036, "agreement": 0.8121117949485779, "accuracy": 0.7950310559006211, "log_loss": 0.6439192891120911, "roc_auc": 0.9563529030751301}, "generalization_gap_validation": -0.007370889186859131, "generalization_gap_test": 0.03258195519447327, "test_latency_seconds_median": 1.6416013750713319, "test_latency_seconds_samples": [1.6416013750713319, 1.6283859580289572, 1.6423499579541385], "process_peak_rss_bytes": 3601432576}
{"method": "stratified", "rows": 8, "seed": 44, "compression": 482.625, "N": 3861, "d": 36, "K": 6, "context_class_counts": [2, 1, 1, 1, 1, 2], "compile": {"kl": 1.0481750965118408, "js": 0.2869946360588074, "agreement": 0.6091685891151428, "accuracy": 0.6146076146076146, "log_loss": 1.2270047664642334, "roc_auc": 0.8484490823617711}, "validation": {"kl": 1.013278841972351, "js": 0.2803703844547272, "agreement": 0.6609642505645752, "accuracy": 0.6609642301710731, "log_loss": 1.1949336528778076, "roc_auc": 0.8622037788520259}, "test": {"kl": 1.0328408479690552, "js": 0.28368455171585083, "agreement": 0.638198733329773, "accuracy": 0.6242236024844721, "log_loss": 1.2216053009033203, "roc_auc": 0.8516149601271127}, "generalization_gap_validation": -0.034896254539489746, "generalization_gap_test": -0.015334248542785645, "test_latency_seconds_median": 1.6380563749698922, "test_latency_seconds_samples": [1.7034726670244709, 1.6240334160393104, 1.6380563749698922], "process_peak_rss_bytes": 3601432576}
Gradients m=8: {'X': 0.38127392530441284, 'y': None}
m=8 seed=44 stratified step=10 compile KL=0.888710 elapsed=6.7s
m=8 seed=44 stratified step=20 compile KL=0.781174 elapsed=13.4s
m=8 seed=44 stratified step=30 compile KL=0.689353 elapsed=20.0s
m=8 seed=44 stratified step=40 compile KL=0.639001 elapsed=26.7s
m=8 seed=44 stratified step=50 compile KL=0.592644 elapsed=33.3s
{"method": "synthetic_stratified", "rows": 8, "seed": 44, "compression": 482.625, "N": 3861, "d": 36, "K": 6, "context_class_counts": [2, 1, 1, 1, 1, 2], "compile": {"kl": 0.5926439762115479, "js": 0.16081586480140686, "agreement": 0.7622377872467041, "accuracy": 0.749028749028749, "log_loss": 0.7673325538635254, "roc_auc": 0.924151945182051}, "validation": {"kl": 0.5668931007385254, "js": 0.1534910798072815, "agreement": 0.7744945287704468, "accuracy": 0.7636080870917574, "log_loss": 0.7558889985084534, "roc_auc": 0.9246106090089902}, "test": {"kl": 0.5917884111404419, "js": 0.15793010592460632, "agreement": 0.7732919454574585, "accuracy": 0.7562111801242236, "log_loss": 0.7850322723388672, "roc_auc": 0.9208611356372142}, "generalization_gap_validation": -0.02575087547302246, "generalization_gap_test": -0.000855565071105957, "test_latency_seconds_median": 1.6290430830558762, "test_latency_seconds_samples": [1.797907792031765, 1.626711207907647, 1.6290430830558762], "process_peak_rss_bytes": 3601432576}
{"method": "stratified", "rows": 32, "seed": 42, "compression": 120.65625, "N": 3861, "d": 36, "K": 6, "context_class_counts": [8, 3, 7, 3, 4, 7], "compile": {"kl": 0.26336443424224854, "js": 0.06110164895653725, "agreement": 0.8616938591003418, "accuracy": 0.8407148407148407, "log_loss": 0.4284133017063141, "roc_auc": 0.9731569225462859}, "validation": {"kl": 0.26661762595176697, "js": 0.06285835802555084, "agreement": 0.8475894331932068, "accuracy": 0.8289269051321928, "log_loss": 0.487248033285141, "roc_auc": 0.9688251338408054}, "test": {"kl": 0.2999444603919983, "js": 0.06610264629125595, "agreement": 0.8540372848510742, "accuracy": 0.827639751552795, "log_loss": 0.5016166567802429, "roc_auc": 0.9652069558335453}, "generalization_gap_validation": 0.0032531917095184326, "generalization_gap_test": 0.036580026149749756, "test_latency_seconds_median": 1.7880655829794705, "test_latency_seconds_samples": [1.7880655829794705, 1.7785512920236215, 1.7890706670004874], "process_peak_rss_bytes": 3601432576}
Gradients m=32: {'X': 0.39956632256507874, 'y': None}
m=32 seed=42 stratified step=10 compile KL=0.203691 elapsed=7.6s
m=32 seed=42 stratified step=20 compile KL=0.180205 elapsed=15.0s
m=32 seed=42 stratified step=30 compile KL=0.158200 elapsed=22.4s
m=32 seed=42 stratified step=40 compile KL=0.154122 elapsed=30.3s
m=32 seed=42 stratified step=50 compile KL=0.144373 elapsed=37.9s
{"method": "synthetic_stratified", "rows": 32, "seed": 42, "compression": 120.65625, "N": 3861, "d": 36, "K": 6, "context_class_counts": [8, 3, 7, 3, 4, 7], "compile": {"kl": 0.1443730890750885, "js": 0.03661432862281799, "agreement": 0.9098678827285767, "accuracy": 0.8834498834498834, "log_loss": 0.3123874068260193, "roc_auc": 0.9821981949276594}, "validation": {"kl": 0.17152026295661926, "js": 0.04232504218816757, "agreement": 0.8958009481430054, "accuracy": 0.8615863141524106, "log_loss": 0.3902019262313843, "roc_auc": 0.9751439713277251}, "test": {"kl": 0.16990584135055542, "js": 0.0415966622531414, "agreement": 0.8975155353546143, "accuracy": 0.8618012422360248, "log_loss": 0.3720180094242096, "roc_auc": 0.9752088439158674}, "generalization_gap_validation": 0.02714717388153076, "generalization_gap_test": 0.02553275227546692, "test_latency_seconds_median": 1.783786875079386, "test_latency_seconds_samples": [1.783786875079386, 1.8202494999859482, 1.7768728339578956], "process_peak_rss_bytes": 3601432576}
{"method": "stratified", "rows": 32, "seed": 43, "compression": 120.65625, "N": 3861, "d": 36, "K": 6, "context_class_counts": [8, 3, 7, 3, 4, 7], "compile": {"kl": 0.2691752016544342, "js": 0.06304151564836502, "agreement": 0.8749029040336609, "accuracy": 0.8508158508158508, "log_loss": 0.44359132647514343, "roc_auc": 0.9719589533142297}, "validation": {"kl": 0.30343249440193176, "js": 0.06691119819879532, "agreement": 0.858475923538208, "accuracy": 0.8320373250388803, "log_loss": 0.5242136120796204, "roc_auc": 0.9653958772359652}, "test": {"kl": 0.32672378420829773, "js": 0.07084410637617111, "agreement": 0.8493788838386536, "accuracy": 0.8229813664596274, "log_loss": 0.5222312211990356, "roc_auc": 0.9662785582394768}, "generalization_gap_validation": 0.03425729274749756, "generalization_gap_test": 0.057548582553863525, "test_latency_seconds_median": 1.7894390830770135, "test_latency_seconds_samples": [1.7894390830770135, 1.783466250053607, 1.7931588750798255], "process_peak_rss_bytes": 3601432576}
Gradients m=32: {'X': 0.19143930077552795, 'y': None}
m=32 seed=43 stratified step=10 compile KL=0.199296 elapsed=7.6s
m=32 seed=43 stratified step=20 compile KL=0.169419 elapsed=15.4s
m=32 seed=43 stratified step=30 compile KL=0.156396 elapsed=22.8s
m=32 seed=43 stratified step=40 compile KL=0.147780 elapsed=30.6s
m=32 seed=43 stratified step=50 compile KL=0.145258 elapsed=38.0s
{"method": "synthetic_stratified", "rows": 32, "seed": 43, "compression": 120.65625, "N": 3861, "d": 36, "K": 6, "context_class_counts": [8, 3, 7, 3, 4, 7], "compile": {"kl": 0.14525842666625977, "js": 0.03633956238627434, "agreement": 0.9059829115867615, "accuracy": 0.8787878787878788, "log_loss": 0.32055214047431946, "roc_auc": 0.9809404582028028}, "validation": {"kl": 0.18474289774894714, "js": 0.04361835867166519, "agreement": 0.8973561525344849, "accuracy": 0.864696734059098, "log_loss": 0.39794495701789856, "roc_auc": 0.9737349595028858}, "test": {"kl": 0.18963859975337982, "js": 0.04443871229887009, "agreement": 0.8819875717163086, "accuracy": 0.8478260869565217, "log_loss": 0.3959481418132782, "roc_auc": 0.9736729925212905}, "generalization_gap_validation": 0.03948447108268738, "generalization_gap_test": 0.044380173087120056, "test_latency_seconds_median": 1.813759374897927, "test_latency_seconds_samples": [1.8152534159598872, 1.8056570420740172, 1.813759374897927], "process_peak_rss_bytes": 3601432576}
{"method": "stratified", "rows": 32, "seed": 44, "compression": 120.65625, "N": 3861, "d": 36, "K": 6, "context_class_counts": [8, 3, 7, 3, 4, 7], "compile": {"kl": 0.3511580526828766, "js": 0.0970839112997055, "agreement": 0.8344988226890564, "accuracy": 0.8267288267288267, "log_loss": 0.5128384232521057, "roc_auc": 0.9649098326177198}, "validation": {"kl": 0.34804004430770874, "js": 0.09438059478998184, "agreement": 0.8335925340652466, "accuracy": 0.8180404354587869, "log_loss": 0.5402854681015015, "roc_auc": 0.962128519398617}, "test": {"kl": 0.34620919823646545, "js": 0.0926784873008728, "agreement": 0.8385093212127686, "accuracy": 0.8167701863354038, "log_loss": 0.5322373509407043, "roc_auc": 0.9628734577093584}, "generalization_gap_validation": -0.0031180083751678467, "generalization_gap_test": -0.004948854446411133, "test_latency_seconds_median": 1.8243414170574397, "test_latency_seconds_samples": [1.8243414170574397, 1.792009166907519, 1.8591009579831734], "process_peak_rss_bytes": 3601432576}
Gradients m=32: {'X': 0.4535347521305084, 'y': None}
m=32 seed=44 stratified step=10 compile KL=0.250611 elapsed=8.6s
m=32 seed=44 stratified step=20 compile KL=0.198520 elapsed=15.6s
m=32 seed=44 stratified step=30 compile KL=0.175097 elapsed=24.4s
m=32 seed=44 stratified step=40 compile KL=0.166936 elapsed=31.4s
m=32 seed=44 stratified step=50 compile KL=0.161952 elapsed=38.6s
{"method": "synthetic_stratified", "rows": 32, "seed": 44, "compression": 120.65625, "N": 3861, "d": 36, "K": 6, "context_class_counts": [8, 3, 7, 3, 4, 7], "compile": {"kl": 0.161951944231987, "js": 0.043365977704524994, "agreement": 0.8958818912506104, "accuracy": 0.8717948717948718, "log_loss": 0.32918602228164673, "roc_auc": 0.9801972724803392}, "validation": {"kl": 0.1928262710571289, "js": 0.049529969692230225, "agreement": 0.8802488446235657, "accuracy": 0.8569206842923794, "log_loss": 0.40123093128204346, "roc_auc": 0.9717544197611647}, "test": {"kl": 0.1906750649213791, "js": 0.04769759252667427, "agreement": 0.8819875717163086, "accuracy": 0.8571428571428571, "log_loss": 0.37558162212371826, "roc_auc": 0.9741732113623179}, "generalization_gap_validation": 0.030874326825141907, "generalization_gap_test": 0.02872312068939209, "test_latency_seconds_median": 1.6399023750564083, "test_latency_seconds_samples": [1.614939208026044, 1.7325114589184523, 1.6399023750564083], "process_peak_rss_bytes": 3601432576}
{"method": "stratified", "rows": 128, "seed": 42, "compression": 30.1640625, "N": 3861, "d": 36, "K": 6, "context_class_counts": [31, 14, 27, 12, 14, 30], "compile": {"kl": 0.22532737255096436, "js": 0.051668427884578705, "agreement": 0.8655788898468018, "accuracy": 0.8492618492618492, "log_loss": 0.39674606919288635, "roc_auc": 0.9721736934777913}, "validation": {"kl": 0.23043307662010193, "js": 0.054519496858119965, "agreement": 0.858475923538208, "accuracy": 0.8258164852255054, "log_loss": 0.43786534667015076, "roc_auc": 0.9721173342482817}, "test": {"kl": 0.22736379504203796, "js": 0.051686979830265045, "agreement": 0.8742235898971558, "accuracy": 0.8369565217391305, "log_loss": 0.4190896451473236, "roc_auc": 0.9736699377095839}, "generalization_gap_validation": 0.005105704069137573, "generalization_gap_test": 0.0020364224910736084, "test_latency_seconds_median": 2.4841890829848126, "test_latency_seconds_samples": [2.4772680839523673, 2.4841890829848126, 2.758299208013341], "process_peak_rss_bytes": 3601432576}
Gradients m=128: {'X': 0.34845393896102905, 'y': None}
m=128 seed=42 stratified step=10 compile KL=0.163071 elapsed=11.5s
m=128 seed=42 stratified step=20 compile KL=0.134538 elapsed=22.9s
m=128 seed=42 stratified step=30 compile KL=0.123963 elapsed=33.8s
m=128 seed=42 stratified step=40 compile KL=0.115734 elapsed=44.7s
m=128 seed=42 stratified step=50 compile KL=0.095416 elapsed=55.4s
{"method": "synthetic_stratified", "rows": 128, "seed": 42, "compression": 30.1640625, "N": 3861, "d": 36, "K": 6, "context_class_counts": [31, 14, 27, 12, 14, 30], "compile": {"kl": 0.0954161137342453, "js": 0.024219201877713203, "agreement": 0.9355089068412781, "accuracy": 0.9052059052059052, "log_loss": 0.2652738094329834, "roc_auc": 0.9862588317028873}, "validation": {"kl": 0.12540452182292938, "js": 0.030770033597946167, "agreement": 0.9082425832748413, "accuracy": 0.8662519440124417, "log_loss": 0.32936644554138184, "roc_auc": 0.981862748291288}, "test": {"kl": 0.11706635355949402, "js": 0.028455425053834915, "agreement": 0.9145962595939636, "accuracy": 0.8695652173913043, "log_loss": 0.316979318857193, "roc_auc": 0.9805657997103658}, "generalization_gap_validation": 0.029988408088684082, "generalization_gap_test": 0.021650239825248718, "test_latency_seconds_median": 2.4308007499203086, "test_latency_seconds_samples": [2.4307832500198856, 2.440492333029397, 2.4308007499203086], "process_peak_rss_bytes": 3601432576}
{"method": "stratified", "rows": 128, "seed": 43, "compression": 30.1640625, "N": 3861, "d": 36, "K": 6, "context_class_counts": [31, 14, 27, 12, 14, 30], "compile": {"kl": 0.21003195643424988, "js": 0.04992547631263733, "agreement": 0.8717948794364929, "accuracy": 0.8531468531468531, "log_loss": 0.3778166174888611, "roc_auc": 0.9726475541522769}, "validation": {"kl": 0.215195432305336, "js": 0.05115726962685585, "agreement": 0.8786936402320862, "accuracy": 0.8429237947122862, "log_loss": 0.42267799377441406, "roc_auc": 0.9710088696821634}, "test": {"kl": 0.20746536552906036, "js": 0.048819757997989655, "agreement": 0.8835403919219971, "accuracy": 0.8478260869565217, "log_loss": 0.4013670086860657, "roc_auc": 0.9727310199500941}, "generalization_gap_validation": 0.005163475871086121, "generalization_gap_test": -0.002566590905189514, "test_latency_seconds_median": 2.440807458013296, "test_latency_seconds_samples": [2.440807458013296, 2.4212711669970304, 2.5057142078876495], "process_peak_rss_bytes": 3601432576}
Gradients m=128: {'X': 0.3356018662452698, 'y': None}
m=128 seed=43 stratified step=10 compile KL=0.151234 elapsed=11.1s
m=128 seed=43 stratified step=20 compile KL=0.142743 elapsed=22.0s
m=128 seed=43 stratified step=30 compile KL=0.115180 elapsed=32.9s
m=128 seed=43 stratified step=40 compile KL=0.100743 elapsed=44.1s
m=128 seed=43 stratified step=50 compile KL=0.088900 elapsed=55.3s
{"method": "synthetic_stratified", "rows": 128, "seed": 43, "compression": 30.1640625, "N": 3861, "d": 36, "K": 6, "context_class_counts": [31, 14, 27, 12, 14, 30], "compile": {"kl": 0.08890019357204437, "js": 0.02310354635119438, "agreement": 0.9347319602966309, "accuracy": 0.9075369075369075, "log_loss": 0.259824275970459, "roc_auc": 0.9860842379791112}, "validation": {"kl": 0.11932861804962158, "js": 0.029959848150610924, "agreement": 0.9269051551818848, "accuracy": 0.8833592534992224, "log_loss": 0.3220181465148926, "roc_auc": 0.9811087221037894}, "test": {"kl": 0.1151890829205513, "js": 0.02867526188492775, "agreement": 0.9208074808120728, "accuracy": 0.8850931677018633, "log_loss": 0.3145802617073059, "roc_auc": 0.9792946422361669}, "generalization_gap_validation": 0.03042842447757721, "generalization_gap_test": 0.026288889348506927, "test_latency_seconds_median": 2.4489315829705447, "test_latency_seconds_samples": [2.4451527090277523, 2.4681944999611005, 2.4489315829705447], "process_peak_rss_bytes": 3601432576}
{"method": "stratified", "rows": 128, "seed": 44, "compression": 30.1640625, "N": 3861, "d": 36, "K": 6, "context_class_counts": [31, 14, 27, 12, 14, 30], "compile": {"kl": 0.19408312439918518, "js": 0.050791509449481964, "agreement": 0.8756798505783081, "accuracy": 0.8515928515928516, "log_loss": 0.3716151714324951, "roc_auc": 0.9746082335235243}, "validation": {"kl": 0.17993353307247162, "js": 0.04737822711467743, "agreement": 0.8880248665809631, "accuracy": 0.8584758942457231, "log_loss": 0.37700873613357544, "roc_auc": 0.97565728431155}, "test": {"kl": 0.20006011426448822, "js": 0.050937965512275696, "agreement": 0.8742235898971558, "accuracy": 0.8385093167701864, "log_loss": 0.38528311252593994, "roc_auc": 0.9748578038803322}, "generalization_gap_validation": -0.014149591326713562, "generalization_gap_test": 0.0059769898653030396, "test_latency_seconds_median": 2.4500430000480264, "test_latency_seconds_samples": [2.4500430000480264, 2.4450704590417445, 2.5460453330306336], "process_peak_rss_bytes": 3601432576}
Gradients m=128: {'X': 0.23585310578346252, 'y': None}
m=128 seed=44 stratified step=10 compile KL=0.161093 elapsed=11.3s
m=128 seed=44 stratified step=20 compile KL=0.141627 elapsed=22.9s
m=128 seed=44 stratified step=30 compile KL=0.119749 elapsed=33.7s
m=128 seed=44 stratified step=40 compile KL=0.105059 elapsed=44.6s
m=128 seed=44 stratified step=50 compile KL=0.100621 elapsed=55.5s
{"method": "synthetic_stratified", "rows": 128, "seed": 44, "compression": 30.1640625, "N": 3861, "d": 36, "K": 6, "context_class_counts": [31, 14, 27, 12, 14, 30], "compile": {"kl": 0.10062111169099808, "js": 0.024829823523759842, "agreement": 0.9355089068412781, "accuracy": 0.9114219114219114, "log_loss": 0.2655027210712433, "roc_auc": 0.9843320340217686}, "validation": {"kl": 0.13992854952812195, "js": 0.03403580188751221, "agreement": 0.9051321744918823, "accuracy": 0.8771384136858476, "log_loss": 0.33432790637016296, "roc_auc": 0.9783776179352456}, "test": {"kl": 0.1310412436723709, "js": 0.0315241776406765, "agreement": 0.9192546606063843, "accuracy": 0.8804347826086957, "log_loss": 0.3280567526817322, "roc_auc": 0.9780985407304104}, "generalization_gap_validation": 0.03930743783712387, "generalization_gap_test": 0.030420131981372833, "test_latency_seconds_median": 2.4495081669883803, "test_latency_seconds_samples": [2.4495081669883803, 2.4448267499683425, 2.4599306249292567], "process_peak_rss_bytes": 3601432576}
