Split sizes: {'context': 3242, 'compile': 1081, 'validation': 540, 'test': 541}
Teacher compile: 36.37s
Teacher validation: 18.16s
Teacher test: 17.45s
{"method": "full", "rows": 3242, "seed": 42, "compression": 1.0, "N": 3242, "d": 5, "K": 2, "context_class_counts": [2291, 951], "compile": {"kl": 0.0, "js": 0.0, "agreement": 1.0, "accuracy": 0.9121184088806661, "log_loss": 0.20993225276470184, "roc_auc": 0.9671562930174666}, "validation": {"kl": 0.0, "js": 0.0, "agreement": 1.0, "accuracy": 0.9037037037037037, "log_loss": 0.19563515484333038, "roc_auc": 0.9722977003114852}, "test": {"kl": 0.0, "js": 0.0, "agreement": 1.0, "accuracy": 0.9186691312384473, "log_loss": 0.19177663326263428, "roc_auc": 0.9727353551318778}, "generalization_gap_validation": 0.0, "generalization_gap_test": 0.0, "test_latency_seconds_median": 17.914861000026576, "test_latency_seconds_samples": [17.730050791986287, 17.914861000026576, 20.017220709007233], "process_peak_rss_bytes": 2286878720}
{"method": "stratified", "rows": 8, "seed": 42, "compression": 405.25, "N": 3242, "d": 5, "K": 2, "context_class_counts": [6, 2], "compile": {"kl": 0.41373518109321594, "js": 0.12029868364334106, "agreement": 0.7252544164657593, "accuracy": 0.7243293246993524, "log_loss": 0.6023057699203491, "roc_auc": 0.5786946594459145}, "validation": {"kl": 0.3910386860370636, "js": 0.11380911618471146, "agreement": 0.7537037134170532, "accuracy": 0.7240740740740741, "log_loss": 0.6135784387588501, "roc_auc": 0.5401948439260389}, "test": {"kl": 0.4038641154766083, "js": 0.11816322803497314, "agreement": 0.7412199378013611, "accuracy": 0.7301293900184843, "log_loss": 0.6150055527687073, "roc_auc": 0.5244657380881821}, "generalization_gap_validation": -0.022696495056152344, "generalization_gap_test": -0.009871065616607666, "test_latency_seconds_median": 0.43258133297786117, "test_latency_seconds_samples": [0.43790437502320856, 0.387127915979363, 0.43258133297786117], "process_peak_rss_bytes": 2286878720}
Gradients m=8: {'X': 0.18895749747753143, 'y': None}
m=8 seed=42 stratified step=10 compile KL=0.399498 elapsed=3.6s
m=8 seed=42 stratified step=20 compile KL=0.386027 elapsed=6.1s
m=8 seed=42 stratified step=30 compile KL=0.387575 elapsed=8.6s
m=8 seed=42 stratified step=40 compile KL=0.380071 elapsed=12.1s
m=8 seed=42 stratified step=50 compile KL=0.401260 elapsed=15.0s
{"method": "synthetic_stratified", "rows": 8, "seed": 42, "compression": 405.25, "N": 3242, "d": 5, "K": 2, "context_class_counts": [6, 2], "compile": {"kl": 0.38007116317749023, "js": 0.10961857438087463, "agreement": 0.7160037159919739, "accuracy": 0.7169287696577243, "log_loss": 0.5666680335998535, "roc_auc": 0.668768597970606}, "validation": {"kl": 0.3584679067134857, "js": 0.10315820574760437, "agreement": 0.7370370626449585, "accuracy": 0.7148148148148148, "log_loss": 0.5787281394004822, "roc_auc": 0.6124163297766585}, "test": {"kl": 0.36059412360191345, "js": 0.10461345314979553, "agreement": 0.7356746792793274, "accuracy": 0.7208872458410351, "log_loss": 0.5684559345245361, "roc_auc": 0.6615792419901874}, "generalization_gap_validation": -0.021603256464004517, "generalization_gap_test": -0.019477039575576782, "test_latency_seconds_median": 0.3895351249957457, "test_latency_seconds_samples": [0.3943521250039339, 0.3895351249957457, 0.3893112080404535], "process_peak_rss_bytes": 2286878720}
{"method": "stratified", "rows": 8, "seed": 43, "compression": 405.25, "N": 3242, "d": 5, "K": 2, "context_class_counts": [6, 2], "compile": {"kl": 0.364409476518631, "js": 0.10680420696735382, "agreement": 0.7271045446395874, "accuracy": 0.7280296022201665, "log_loss": 0.5548778176307678, "roc_auc": 0.7049671521715836}, "validation": {"kl": 0.3410835564136505, "js": 0.09991676360368729, "agreement": 0.7333333492279053, "accuracy": 0.7148148148148148, "log_loss": 0.5594053268432617, "roc_auc": 0.6966830141162437}, "test": {"kl": 0.34770622849464417, "js": 0.10210452973842621, "agreement": 0.7486136555671692, "accuracy": 0.7412199630314233, "log_loss": 0.5433890223503113, "roc_auc": 0.7255424939905825}, "generalization_gap_validation": -0.02332592010498047, "generalization_gap_test": -0.016703248023986816, "test_latency_seconds_median": 0.4228058330481872, "test_latency_seconds_samples": [0.4228058330481872, 0.6808630829909816, 0.41250279208179563], "process_peak_rss_bytes": 2286878720}
Gradients m=8: {'X': 0.22140328586101532, 'y': None}
m=8 seed=43 stratified step=10 compile KL=0.355220 elapsed=2.4s
m=8 seed=43 stratified step=20 compile KL=0.346442 elapsed=5.0s
m=8 seed=43 stratified step=30 compile KL=0.338228 elapsed=7.4s
m=8 seed=43 stratified step=40 compile KL=0.330414 elapsed=9.8s
m=8 seed=43 stratified step=50 compile KL=0.322884 elapsed=12.2s
{"method": "synthetic_stratified", "rows": 8, "seed": 43, "compression": 405.25, "N": 3242, "d": 5, "K": 2, "context_class_counts": [6, 2], "compile": {"kl": 0.3228842616081238, "js": 0.09305721521377563, "agreement": 0.7539315223693848, "accuracy": 0.7493061979648473, "log_loss": 0.5145250558853149, "roc_auc": 0.762312783863762}, "validation": {"kl": 0.31273820996284485, "js": 0.08976582437753677, "agreement": 0.7518518567085266, "accuracy": 0.737037037037037, "log_loss": 0.5279555916786194, "roc_auc": 0.7408211279740209}, "test": {"kl": 0.312381774187088, "js": 0.08973412215709686, "agreement": 0.7652495503425598, "accuracy": 0.7689463955637708, "log_loss": 0.5014409422874451, "roc_auc": 0.7782277980835721}, "generalization_gap_validation": -0.01014605164527893, "generalization_gap_test": -0.010502487421035767, "test_latency_seconds_median": 0.4043484589783475, "test_latency_seconds_samples": [0.39411012502387166, 0.4043484589783475, 0.4057299999985844], "process_peak_rss_bytes": 2286878720}
{"method": "stratified", "rows": 8, "seed": 44, "compression": 405.25, "N": 3242, "d": 5, "K": 2, "context_class_counts": [6, 2], "compile": {"kl": 0.40180110931396484, "js": 0.11541604995727539, "agreement": 0.6993524432182312, "accuracy": 0.7058279370952821, "log_loss": 0.5881851315498352, "roc_auc": 0.5945498157719034}, "validation": {"kl": 0.3773668110370636, "js": 0.10804776102304459, "agreement": 0.729629635810852, "accuracy": 0.7074074074074074, "log_loss": 0.5983369946479797, "roc_auc": 0.5400457286765192}, "test": {"kl": 0.38237622380256653, "js": 0.11040684580802917, "agreement": 0.7208872437477112, "accuracy": 0.7060998151571165, "log_loss": 0.5869913697242737, "roc_auc": 0.5952945437781949}, "generalization_gap_validation": -0.024434298276901245, "generalization_gap_test": -0.019424885511398315, "test_latency_seconds_median": 0.39525337505619973, "test_latency_seconds_samples": [0.39525337505619973, 0.39525645796675235, 0.3836578750051558], "process_peak_rss_bytes": 2286878720}
Gradients m=8: {'X': 0.08509116619825363, 'y': None}
m=8 seed=44 stratified step=10 compile KL=0.395732 elapsed=2.4s
m=8 seed=44 stratified step=20 compile KL=0.383590 elapsed=4.9s
m=8 seed=44 stratified step=30 compile KL=0.383634 elapsed=7.2s
m=8 seed=44 stratified step=40 compile KL=0.368968 elapsed=9.6s
m=8 seed=44 stratified step=50 compile KL=0.367170 elapsed=12.1s
{"method": "synthetic_stratified", "rows": 8, "seed": 44, "compression": 405.25, "N": 3242, "d": 5, "K": 2, "context_class_counts": [6, 2], "compile": {"kl": 0.3671702742576599, "js": 0.10405606776475906, "agreement": 0.7224791646003723, "accuracy": 0.727104532839963, "log_loss": 0.5587716102600098, "roc_auc": 0.6868823000898472}, "validation": {"kl": 0.34317970275878906, "js": 0.09706036746501923, "agreement": 0.7425925731658936, "accuracy": 0.7314814814814815, "log_loss": 0.5636404752731323, "roc_auc": 0.6843395851282391}, "test": {"kl": 0.3480599522590637, "js": 0.09900559484958649, "agreement": 0.7486136555671692, "accuracy": 0.7375231053604436, "log_loss": 0.5502611994743347, "roc_auc": 0.7090948006190523}, "generalization_gap_validation": -0.02399057149887085, "generalization_gap_test": -0.01911032199859619, "test_latency_seconds_median": 0.3951902500120923, "test_latency_seconds_samples": [0.4108662500511855, 0.3930603750050068, 0.3951902500120923], "process_peak_rss_bytes": 2286878720}
{"method": "stratified", "rows": 32, "seed": 42, "compression": 101.3125, "N": 3242, "d": 5, "K": 2, "context_class_counts": [23, 9], "compile": {"kl": 0.23542694747447968, "js": 0.0618465319275856, "agreement": 0.8122109174728394, "accuracy": 0.8020351526364478, "log_loss": 0.4146551787853241, "roc_auc": 0.8661399474105032}, "validation": {"kl": 0.2291087806224823, "js": 0.05918705463409424, "agreement": 0.8037037253379822, "accuracy": 0.7962962962962963, "log_loss": 0.42965438961982727, "roc_auc": 0.8583570813175161}, "test": {"kl": 0.2281031608581543, "js": 0.058646347373723984, "agreement": 0.8170055747032166, "accuracy": 0.8022181146025879, "log_loss": 0.4132285416126251, "roc_auc": 0.8712338239652276}, "generalization_gap_validation": -0.0063181668519973755, "generalization_gap_test": -0.007323786616325378, "test_latency_seconds_median": 0.41622062493115664, "test_latency_seconds_samples": [0.4282788329292089, 0.41375179192982614, 0.41622062493115664], "process_peak_rss_bytes": 2286878720}
Gradients m=32: {'X': 0.290921688079834, 'y': None}
m=32 seed=42 stratified step=10 compile KL=0.224479 elapsed=2.9s
m=32 seed=42 stratified step=20 compile KL=0.201434 elapsed=6.3s
m=32 seed=42 stratified step=30 compile KL=0.188410 elapsed=8.9s
m=32 seed=42 stratified step=40 compile KL=0.184561 elapsed=11.6s
m=32 seed=42 stratified step=50 compile KL=0.181314 elapsed=14.1s
{"method": "synthetic_stratified", "rows": 32, "seed": 42, "compression": 101.3125, "N": 3242, "d": 5, "K": 2, "context_class_counts": [23, 9], "compile": {"kl": 0.18131430447101593, "js": 0.04972539842128754, "agreement": 0.8445883393287659, "accuracy": 0.8196114708603145, "log_loss": 0.3769657015800476, "roc_auc": 0.8884492692697644}, "validation": {"kl": 0.2055080235004425, "js": 0.054102133959531784, "agreement": 0.8037037253379822, "accuracy": 0.8037037037037037, "log_loss": 0.412965327501297, "roc_auc": 0.866823513818013}, "test": {"kl": 0.18849141895771027, "js": 0.051203835755586624, "agreement": 0.8114602565765381, "accuracy": 0.7966728280961183, "log_loss": 0.38929107785224915, "roc_auc": 0.877967664394613}, "generalization_gap_validation": 0.024193719029426575, "generalization_gap_test": 0.007177114486694336, "test_latency_seconds_median": 0.43387370801065117, "test_latency_seconds_samples": [0.41552250005770475, 0.5801283330656588, 0.43387370801065117], "process_peak_rss_bytes": 2286878720}
{"method": "stratified", "rows": 32, "seed": 43, "compression": 101.3125, "N": 3242, "d": 5, "K": 2, "context_class_counts": [23, 9], "compile": {"kl": 0.29244500398635864, "js": 0.08466309309005737, "agreement": 0.7363552451133728, "accuracy": 0.7261794634597595, "log_loss": 0.48909792304039, "roc_auc": 0.7975840154306486}, "validation": {"kl": 0.2864345610141754, "js": 0.08257046341896057, "agreement": 0.720370352268219, "accuracy": 0.7055555555555556, "log_loss": 0.49355819821357727, "roc_auc": 0.7849426734707403}, "test": {"kl": 0.2826315760612488, "js": 0.08195744454860687, "agreement": 0.7467652559280396, "accuracy": 0.7689463955637708, "log_loss": 0.47516584396362305, "roc_auc": 0.8140044123942178}, "generalization_gap_validation": -0.0060104429721832275, "generalization_gap_test": -0.009813427925109863, "test_latency_seconds_median": 0.4218055830569938, "test_latency_seconds_samples": [0.4218055830569938, 0.43538895808160305, 0.4206440420821309], "process_peak_rss_bytes": 2286878720}
Gradients m=32: {'X': 0.18078331649303436, 'y': None}
m=32 seed=43 stratified step=10 compile KL=0.242913 elapsed=3.3s
m=32 seed=43 stratified step=20 compile KL=0.228998 elapsed=5.9s
m=32 seed=43 stratified step=30 compile KL=0.204163 elapsed=8.4s
m=32 seed=43 stratified step=40 compile KL=0.213847 elapsed=10.8s
m=32 seed=43 stratified step=50 compile KL=0.207112 elapsed=13.3s
{"method": "synthetic_stratified", "rows": 32, "seed": 43, "compression": 101.3125, "N": 3242, "d": 5, "K": 2, "context_class_counts": [23, 9], "compile": {"kl": 0.20416289567947388, "js": 0.05599304288625717, "agreement": 0.846438467502594, "accuracy": 0.8251618871415356, "log_loss": 0.3900443911552429, "roc_auc": 0.8865616525301482}, "validation": {"kl": 0.2191474586725235, "js": 0.05943756550550461, "agreement": 0.8129629492759705, "accuracy": 0.7944444444444444, "log_loss": 0.4197964668273926, "roc_auc": 0.861720458612234}, "test": {"kl": 0.19805096089839935, "js": 0.05496509000658989, "agreement": 0.8280960917472839, "accuracy": 0.8133086876155268, "log_loss": 0.3952183723449707, "roc_auc": 0.8756132898679575}, "generalization_gap_validation": 0.014984562993049622, "generalization_gap_test": -0.006111934781074524, "test_latency_seconds_median": 0.41137170896399766, "test_latency_seconds_samples": [0.41472058300860226, 0.41137170896399766, 0.407513290992938], "process_peak_rss_bytes": 2286878720}
{"method": "stratified", "rows": 32, "seed": 44, "compression": 101.3125, "N": 3242, "d": 5, "K": 2, "context_class_counts": [23, 9], "compile": {"kl": 0.3710502088069916, "js": 0.08667045831680298, "agreement": 0.7705827951431274, "accuracy": 0.7622571692876966, "log_loss": 0.5668431520462036, "roc_auc": 0.7583397215559237}, "validation": {"kl": 0.36260104179382324, "js": 0.08214090764522552, "agreement": 0.7611111402511597, "accuracy": 0.7462962962962963, "log_loss": 0.5914158821105957, "roc_auc": 0.7383358738153623}, "test": {"kl": 0.34307414293289185, "js": 0.08000104129314423, "agreement": 0.7744916677474976, "accuracy": 0.7597042513863216, "log_loss": 0.5403535962104797, "roc_auc": 0.7929796832296092}, "generalization_gap_validation": -0.008449167013168335, "generalization_gap_test": -0.02797606587409973, "test_latency_seconds_median": 0.4177427910035476, "test_latency_seconds_samples": [0.41769979195669293, 0.42588933394290507, 0.4177427910035476], "process_peak_rss_bytes": 2286878720}
Gradients m=32: {'X': 0.42800283432006836, 'y': None}
m=32 seed=44 stratified step=10 compile KL=0.258436 elapsed=2.5s
m=32 seed=44 stratified step=20 compile KL=0.230269 elapsed=5.0s
m=32 seed=44 stratified step=30 compile KL=0.199690 elapsed=7.7s
m=32 seed=44 stratified step=40 compile KL=0.198476 elapsed=10.4s
m=32 seed=44 stratified step=50 compile KL=0.179398 elapsed=13.1s
{"method": "synthetic_stratified", "rows": 32, "seed": 44, "compression": 101.3125, "N": 3242, "d": 5, "K": 2, "context_class_counts": [23, 9], "compile": {"kl": 0.17939762771129608, "js": 0.05007350072264671, "agreement": 0.8344125747680664, "accuracy": 0.8112858464384829, "log_loss": 0.36751627922058105, "roc_auc": 0.8978131671571173}, "validation": {"kl": 0.18074862658977509, "js": 0.04936828836798668, "agreement": 0.8074073791503906, "accuracy": 0.8037037037037037, "log_loss": 0.37706446647644043, "roc_auc": 0.888511498442574}, "test": {"kl": 0.1738329529762268, "js": 0.047894999384880066, "agreement": 0.8391866683959961, "accuracy": 0.8317929759704251, "log_loss": 0.37334245443344116, "roc_auc": 0.8936086140472191}, "generalization_gap_validation": 0.001350998878479004, "generalization_gap_test": -0.005564674735069275, "test_latency_seconds_median": 0.5695665840758011, "test_latency_seconds_samples": [0.5553645830368623, 0.5695665840758011, 0.5946354999905452], "process_peak_rss_bytes": 2286878720}
{"method": "stratified", "rows": 128, "seed": 42, "compression": 25.328125, "N": 3242, "d": 5, "K": 2, "context_class_counts": [90, 38], "compile": {"kl": 0.18247410655021667, "js": 0.04888018220663071, "agreement": 0.8436632752418518, "accuracy": 0.820536540240518, "log_loss": 0.3801101744174957, "roc_auc": 0.889953592653956}, "validation": {"kl": 0.18311093747615814, "js": 0.04676005244255066, "agreement": 0.8407407402992249, "accuracy": 0.8296296296296296, "log_loss": 0.37175676226615906, "roc_auc": 0.89596726091855}, "test": {"kl": 0.17245224118232727, "js": 0.0454251691699028, "agreement": 0.8539741039276123, "accuracy": 0.8317929759704251, "log_loss": 0.3607730269432068, "roc_auc": 0.9005729526820112}, "generalization_gap_validation": 0.0006368309259414673, "generalization_gap_test": -0.010021865367889404, "test_latency_seconds_median": 0.4908278330694884, "test_latency_seconds_samples": [0.4908278330694884, 0.49258187506347895, 0.49025083403103054], "process_peak_rss_bytes": 2286878720}
Gradients m=128: {'X': 0.32897984981536865, 'y': None}
m=128 seed=42 stratified step=10 compile KL=0.160552 elapsed=3.6s
m=128 seed=42 stratified step=20 compile KL=0.150492 elapsed=6.5s
m=128 seed=42 stratified step=30 compile KL=0.139694 elapsed=9.8s
m=128 seed=42 stratified step=40 compile KL=0.134041 elapsed=12.5s
m=128 seed=42 stratified step=50 compile KL=0.126994 elapsed=15.1s
{"method": "synthetic_stratified", "rows": 128, "seed": 42, "compression": 25.328125, "N": 3242, "d": 5, "K": 2, "context_class_counts": [90, 38], "compile": {"kl": 0.12699371576309204, "js": 0.034800514578819275, "agreement": 0.8880665898323059, "accuracy": 0.8482886216466234, "log_loss": 0.3170745372772217, "roc_auc": 0.9227684495989845}, "validation": {"kl": 0.1488652378320694, "js": 0.03859003633260727, "agreement": 0.8574073910713196, "accuracy": 0.8351851851851851, "log_loss": 0.3477577567100525, "roc_auc": 0.9067035588839552}, "test": {"kl": 0.13551507890224457, "js": 0.035419005900621414, "agreement": 0.8890942931175232, "accuracy": 0.8558225508317929, "log_loss": 0.3265745937824249, "roc_auc": 0.9170041818960124}, "generalization_gap_validation": 0.021871522068977356, "generalization_gap_test": 0.008521363139152527, "test_latency_seconds_median": 0.4940443329978734, "test_latency_seconds_samples": [0.4940443329978734, 0.4940504169790074, 0.491518291993998], "process_peak_rss_bytes": 2286878720}
{"method": "stratified", "rows": 128, "seed": 43, "compression": 25.328125, "N": 3242, "d": 5, "K": 2, "context_class_counts": [90, 38], "compile": {"kl": 0.19238053262233734, "js": 0.05251556634902954, "agreement": 0.8408880829811096, "accuracy": 0.8344125809435707, "log_loss": 0.3786000609397888, "roc_auc": 0.8901060857093398}, "validation": {"kl": 0.2043268084526062, "js": 0.05401908606290817, "agreement": 0.8185185194015503, "accuracy": 0.7925925925925926, "log_loss": 0.4020441174507141, "roc_auc": 0.8714957916362913}, "test": {"kl": 0.1946789175271988, "js": 0.05245652049779892, "agreement": 0.8170055747032166, "accuracy": 0.8170055452865065, "log_loss": 0.3717667758464813, "roc_auc": 0.8908426355823371}, "generalization_gap_validation": 0.01194627583026886, "generalization_gap_test": 0.00229838490486145, "test_latency_seconds_median": 0.5065850000828505, "test_latency_seconds_samples": [0.493971792049706, 0.5065850000828505, 0.7324650000082329], "process_peak_rss_bytes": 2286878720}
Gradients m=128: {'X': 0.1709165722131729, 'y': None}
m=128 seed=43 stratified step=10 compile KL=0.157902 elapsed=2.8s
m=128 seed=43 stratified step=20 compile KL=0.150304 elapsed=5.4s
m=128 seed=43 stratified step=30 compile KL=0.141588 elapsed=8.1s
m=128 seed=43 stratified step=40 compile KL=0.134363 elapsed=10.7s
m=128 seed=43 stratified step=50 compile KL=0.131352 elapsed=13.4s
{"method": "synthetic_stratified", "rows": 128, "seed": 43, "compression": 25.328125, "N": 3242, "d": 5, "K": 2, "context_class_counts": [90, 38], "compile": {"kl": 0.13135242462158203, "js": 0.035785041749477386, "agreement": 0.8825162053108215, "accuracy": 0.8575393154486587, "log_loss": 0.320024311542511, "roc_auc": 0.9225005563935804}, "validation": {"kl": 0.14919044077396393, "js": 0.038535863161087036, "agreement": 0.8740741014480591, "accuracy": 0.8407407407407408, "log_loss": 0.34245219826698303, "roc_auc": 0.9092385181257869}, "test": {"kl": 0.15424872934818268, "js": 0.04104500263929367, "agreement": 0.8687615394592285, "accuracy": 0.8428835489833642, "log_loss": 0.3417663872241974, "roc_auc": 0.9095459185353486}, "generalization_gap_validation": 0.017838016152381897, "generalization_gap_test": 0.022896304726600647, "test_latency_seconds_median": 0.4859566669911146, "test_latency_seconds_samples": [0.49142249999567866, 0.4843483750009909, 0.4859566669911146], "process_peak_rss_bytes": 2286878720}
{"method": "stratified", "rows": 128, "seed": 44, "compression": 25.328125, "N": 3242, "d": 5, "K": 2, "context_class_counts": [90, 38], "compile": {"kl": 0.16932173073291779, "js": 0.04649728164076805, "agreement": 0.8473635315895081, "accuracy": 0.8223866790009251, "log_loss": 0.36360737681388855, "roc_auc": 0.8991526331841375}, "validation": {"kl": 0.16257835924625397, "js": 0.04296494275331497, "agreement": 0.8574073910713196, "accuracy": 0.8462962962962963, "log_loss": 0.35299545526504517, "roc_auc": 0.9103651666777123}, "test": {"kl": 0.16632488369941711, "js": 0.04446808248758316, "agreement": 0.8595194220542908, "accuracy": 0.8262476894639557, "log_loss": 0.3572656214237213, "roc_auc": 0.9060884454542462}, "generalization_gap_validation": -0.006743371486663818, "generalization_gap_test": -0.0029968470335006714, "test_latency_seconds_median": 0.48480895801912993, "test_latency_seconds_samples": [0.4864713749848306, 0.48480895801912993, 0.48422629199922085], "process_peak_rss_bytes": 2286878720}
Gradients m=128: {'X': 0.13178624212741852, 'y': None}
m=128 seed=44 stratified step=10 compile KL=0.142786 elapsed=2.7s
m=128 seed=44 stratified step=20 compile KL=0.128205 elapsed=5.4s
m=128 seed=44 stratified step=30 compile KL=0.123428 elapsed=8.0s
m=128 seed=44 stratified step=40 compile KL=0.115112 elapsed=10.7s
m=128 seed=44 stratified step=50 compile KL=0.125015 elapsed=13.4s
{"method": "synthetic_stratified", "rows": 128, "seed": 44, "compression": 25.328125, "N": 3242, "d": 5, "K": 2, "context_class_counts": [90, 38], "compile": {"kl": 0.11511176079511642, "js": 0.031209832057356834, "agreement": 0.8991674184799194, "accuracy": 0.8630897317298798, "log_loss": 0.3114636242389679, "roc_auc": 0.9259543180263277}, "validation": {"kl": 0.14660775661468506, "js": 0.03776084631681442, "agreement": 0.864814817905426, "accuracy": 0.8462962962962963, "log_loss": 0.3392656445503235, "roc_auc": 0.9130161044469481}, "test": {"kl": 0.12834937870502472, "js": 0.033241938799619675, "agreement": 0.8946395516395569, "accuracy": 0.8613678373382625, "log_loss": 0.31181326508522034, "roc_auc": 0.9282821298034181}, "generalization_gap_validation": 0.031495995819568634, "generalization_gap_test": 0.013237617909908295, "test_latency_seconds_median": 0.49215000006370246, "test_latency_seconds_samples": [0.4907297919271514, 0.5068561249645427, 0.49215000006370246], "process_peak_rss_bytes": 2286878720}
