Split sizes: {'context': 2760, 'compile': 920, 'validation': 460, 'test': 461}
OOM: halving row_chunk_size to 1024
OOM: halving row_chunk_size to 512
OOM: halving row_chunk_size to 256
OOM: halving row_chunk_size to 128
OOM: halving row_chunk_size to 64
OOM: halving col_chunk_size to 2
OOM: halving col_chunk_size to 1
Teacher compile: 48.67s
Teacher validation: 20.35s
Teacher test: 21.00s
{"method": "full", "rows": 2760, "seed": 42, "compression": 1.0, "N": 2760, "d": 57, "K": 2, "context_class_counts": [1672, 1088], "compile": {"kl": 1.1161631341405354e-10, "js": -4.421662688769423e-11, "agreement": 1.0, "accuracy": 0.9597826086956521, "log_loss": 0.1009930819272995, "roc_auc": 0.9933810570506346}, "validation": {"kl": 0.0, "js": 0.0, "agreement": 1.0, "accuracy": 0.9521739130434783, "log_loss": 0.13436147570610046, "roc_auc": 0.9867918176597557}, "test": {"kl": 0.0, "js": 0.0, "agreement": 1.0, "accuracy": 0.9522776572668112, "log_loss": 0.12443221360445023, "roc_auc": 0.9900350545511836}, "generalization_gap_validation": -1.1161631341405354e-10, "generalization_gap_test": -1.1161631341405354e-10, "test_latency_seconds_median": 20.762902333051898, "test_latency_seconds_samples": [21.39846108306665, 20.688678750069812, 20.762902333051898], "process_peak_rss_bytes": 2297217024}
{"method": "stratified", "rows": 8, "seed": 42, "compression": 345.0, "N": 2760, "d": 57, "K": 2, "context_class_counts": [5, 3], "compile": {"kl": 0.6596085429191589, "js": 0.1406274139881134, "agreement": 0.7021738886833191, "accuracy": 0.6923913043478261, "log_loss": 0.7739688158035278, "roc_auc": 0.851808946711816}, "validation": {"kl": 0.6585423350334167, "js": 0.13915836811065674, "agreement": 0.7217391133308411, "accuracy": 0.7130434782608696, "log_loss": 0.7855040431022644, "roc_auc": 0.8438186894789996}, "test": {"kl": 0.6947826743125916, "js": 0.14716646075248718, "agreement": 0.6811279654502869, "accuracy": 0.6854663774403471, "log_loss": 0.7877161502838135, "roc_auc": 0.8461932332900076}, "generalization_gap_validation": -0.0010662078857421875, "generalization_gap_test": 0.03517413139343262, "test_latency_seconds_median": 1.4784770410042256, "test_latency_seconds_samples": [1.4943483340321109, 1.4580968749942258, 1.4784770410042256], "process_peak_rss_bytes": 2297217024}
Gradients m=8: {'X': 4.384217739105225, 'y': None}
m=8 seed=42 stratified step=10 compile KL=0.304618 elapsed=11.7s
m=8 seed=42 stratified step=20 compile KL=0.259280 elapsed=21.9s
m=8 seed=42 stratified step=30 compile KL=0.225964 elapsed=31.8s
m=8 seed=42 stratified step=40 compile KL=0.217203 elapsed=41.5s
m=8 seed=42 stratified step=50 compile KL=0.200821 elapsed=51.7s
{"method": "synthetic_stratified", "rows": 8, "seed": 42, "compression": 345.0, "N": 2760, "d": 57, "K": 2, "context_class_counts": [5, 3], "compile": {"kl": 0.20082132518291473, "js": 0.056142933666706085, "agreement": 0.886956512928009, "accuracy": 0.8880434782608696, "log_loss": 0.2838611304759979, "roc_auc": 0.9490336442305787}, "validation": {"kl": 0.19893765449523926, "js": 0.056868989020586014, "agreement": 0.8695651888847351, "accuracy": 0.8565217391304348, "log_loss": 0.3101831078529358, "roc_auc": 0.9362759658607102}, "test": {"kl": 0.19913937151432037, "js": 0.05649711564183235, "agreement": 0.8806941509246826, "accuracy": 0.8763557483731019, "log_loss": 0.30296286940574646, "roc_auc": 0.9415691835046672}, "generalization_gap_validation": -0.001883670687675476, "generalization_gap_test": -0.0016819536685943604, "test_latency_seconds_median": 1.4762572090839967, "test_latency_seconds_samples": [1.4762572090839967, 1.507200957974419, 1.4167404170148075], "process_peak_rss_bytes": 2297217024}
{"method": "stratified", "rows": 8, "seed": 43, "compression": 345.0, "N": 2760, "d": 57, "K": 2, "context_class_counts": [5, 3], "compile": {"kl": 0.36617758870124817, "js": 0.10804338753223419, "agreement": 0.802173912525177, "accuracy": 0.7967391304347826, "log_loss": 0.46983131766319275, "roc_auc": 0.8852155488227491}, "validation": {"kl": 0.355606347322464, "js": 0.10587912797927856, "agreement": 0.802173912525177, "accuracy": 0.7804347826086957, "log_loss": 0.4845343828201294, "roc_auc": 0.8657795203865423}, "test": {"kl": 0.35800978541374207, "js": 0.10590486973524094, "agreement": 0.8047722578048706, "accuracy": 0.8091106290672451, "log_loss": 0.4610523581504822, "roc_auc": 0.8863287250384024}, "generalization_gap_validation": -0.01057124137878418, "generalization_gap_test": -0.008167803287506104, "test_latency_seconds_median": 1.1470147499348968, "test_latency_seconds_samples": [1.1557560419896618, 1.0473515830235556, 1.1470147499348968], "process_peak_rss_bytes": 2297217024}
Gradients m=8: {'X': 1.435472846031189, 'y': None}
m=8 seed=43 stratified step=10 compile KL=0.295608 elapsed=8.8s
m=8 seed=43 stratified step=20 compile KL=0.236878 elapsed=16.5s
m=8 seed=43 stratified step=30 compile KL=0.186462 elapsed=24.1s
m=8 seed=43 stratified step=40 compile KL=0.182578 elapsed=31.5s
m=8 seed=43 stratified step=50 compile KL=0.175739 elapsed=38.5s
{"method": "synthetic_stratified", "rows": 8, "seed": 43, "compression": 345.0, "N": 2760, "d": 57, "K": 2, "context_class_counts": [5, 3], "compile": {"kl": 0.17573875188827515, "js": 0.047691699117422104, "agreement": 0.9097825884819031, "accuracy": 0.9021739130434783, "log_loss": 0.2660956084728241, "roc_auc": 0.9540436444286026}, "validation": {"kl": 0.16337957978248596, "js": 0.04502803832292557, "agreement": 0.915217399597168, "accuracy": 0.8847826086956522, "log_loss": 0.2962612211704254, "roc_auc": 0.939167112220044}, "test": {"kl": 0.1878126859664917, "js": 0.04975102096796036, "agreement": 0.9023861289024353, "accuracy": 0.8980477223427332, "log_loss": 0.28466638922691345, "roc_auc": 0.9455669778250423}, "generalization_gap_validation": -0.012359172105789185, "generalization_gap_test": 0.012073934078216553, "test_latency_seconds_median": 0.967331291991286, "test_latency_seconds_samples": [0.967331291991286, 1.0080775830429047, 0.9496976670343429], "process_peak_rss_bytes": 2297217024}
{"method": "stratified", "rows": 8, "seed": 44, "compression": 345.0, "N": 2760, "d": 57, "K": 2, "context_class_counts": [5, 3], "compile": {"kl": 0.471739798784256, "js": 0.1450028121471405, "agreement": 0.769565224647522, "accuracy": 0.7554347826086957, "log_loss": 0.575099527835846, "roc_auc": 0.8709429889700786}, "validation": {"kl": 0.45632579922676086, "js": 0.14040905237197876, "agreement": 0.7956521511077881, "accuracy": 0.7869565217391304, "log_loss": 0.5701680183410645, "roc_auc": 0.8789084932374899}, "test": {"kl": 0.4621226489543915, "js": 0.14193090796470642, "agreement": 0.77440345287323, "accuracy": 0.7700650759219089, "log_loss": 0.5698360204696655, "roc_auc": 0.8842018196856906}, "generalization_gap_validation": -0.015413999557495117, "generalization_gap_test": -0.009617149829864502, "test_latency_seconds_median": 1.0796648329123855, "test_latency_seconds_samples": [1.0894587090006098, 1.0796648329123855, 1.0527477919822559], "process_peak_rss_bytes": 2297217024}
Gradients m=8: {'X': 0.26716235280036926, 'y': None}
m=8 seed=44 stratified step=10 compile KL=0.338271 elapsed=8.1s
m=8 seed=44 stratified step=20 compile KL=0.252935 elapsed=16.1s
m=8 seed=44 stratified step=30 compile KL=0.258739 elapsed=23.5s
m=8 seed=44 stratified step=40 compile KL=0.231555 elapsed=31.0s
m=8 seed=44 stratified step=50 compile KL=0.221180 elapsed=39.7s
{"method": "synthetic_stratified", "rows": 8, "seed": 44, "compression": 345.0, "N": 2760, "d": 57, "K": 2, "context_class_counts": [5, 3], "compile": {"kl": 0.22118031978607178, "js": 0.06282232701778412, "agreement": 0.8826087117195129, "accuracy": 0.8706521739130435, "log_loss": 0.3146120011806488, "roc_auc": 0.9403849581179825}, "validation": {"kl": 0.23285441100597382, "js": 0.06598852574825287, "agreement": 0.873913049697876, "accuracy": 0.8521739130434782, "log_loss": 0.3511714041233063, "roc_auc": 0.9218994435533377}, "test": {"kl": 0.23305583000183105, "js": 0.06496040523052216, "agreement": 0.887201726436615, "accuracy": 0.8828633405639913, "log_loss": 0.31886208057403564, "roc_auc": 0.9363700815313719}, "generalization_gap_validation": 0.011674091219902039, "generalization_gap_test": 0.011875510215759277, "test_latency_seconds_median": 1.2150954169919714, "test_latency_seconds_samples": [1.1103628750424832, 1.227889958070591, 1.2150954169919714], "process_peak_rss_bytes": 2297217024}
{"method": "stratified", "rows": 32, "seed": 42, "compression": 86.25, "N": 2760, "d": 57, "K": 2, "context_class_counts": [19, 13], "compile": {"kl": 0.2516208589076996, "js": 0.07232788950204849, "agreement": 0.8717391490936279, "accuracy": 0.8684782608695653, "log_loss": 0.33818086981773376, "roc_auc": 0.9322362819065724}, "validation": {"kl": 0.25542426109313965, "js": 0.07245156168937683, "agreement": 0.865217387676239, "accuracy": 0.8478260869565217, "log_loss": 0.3713001012802124, "roc_auc": 0.9137210637834412}, "test": {"kl": 0.23557047545909882, "js": 0.0678768903017044, "agreement": 0.8741865754127502, "accuracy": 0.8568329718004338, "log_loss": 0.34008270502090454, "roc_auc": 0.9332781913427074}, "generalization_gap_validation": 0.0038034021854400635, "generalization_gap_test": -0.01605038344860077, "test_latency_seconds_median": 1.5227722499985248, "test_latency_seconds_samples": [1.546559208072722, 1.5227722499985248, 1.5178615000331774], "process_peak_rss_bytes": 2297217024}
Gradients m=32: {'X': 2.726886034011841, 'y': None}
m=32 seed=42 stratified step=10 compile KL=0.169392 elapsed=11.5s
m=32 seed=42 stratified step=20 compile KL=0.142096 elapsed=21.7s
m=32 seed=42 stratified step=30 compile KL=0.128748 elapsed=33.2s
m=32 seed=42 stratified step=40 compile KL=0.110819 elapsed=48.7s
m=32 seed=42 stratified step=50 compile KL=0.113094 elapsed=61.4s
{"method": "synthetic_stratified", "rows": 32, "seed": 42, "compression": 86.25, "N": 2760, "d": 57, "K": 2, "context_class_counts": [19, 13], "compile": {"kl": 0.1108194962143898, "js": 0.0296945720911026, "agreement": 0.935869574546814, "accuracy": 0.9391304347826087, "log_loss": 0.1876344382762909, "roc_auc": 0.9768064714152755}, "validation": {"kl": 0.10950866341590881, "js": 0.029961764812469482, "agreement": 0.9239130616188049, "accuracy": 0.9152173913043479, "log_loss": 0.2173757404088974, "roc_auc": 0.9667320144953365}, "test": {"kl": 0.10647504031658173, "js": 0.029454678297042847, "agreement": 0.9327548742294312, "accuracy": 0.9240780911062907, "log_loss": 0.20510151982307434, "roc_auc": 0.9739257158611997}, "generalization_gap_validation": -0.0013108327984809875, "generalization_gap_test": -0.004344455897808075, "test_latency_seconds_median": 1.8148134170332924, "test_latency_seconds_samples": [2.0080883749760687, 1.8148134170332924, 1.5794644170673564], "process_peak_rss_bytes": 2297217024}
{"method": "stratified", "rows": 32, "seed": 43, "compression": 86.25, "N": 2760, "d": 57, "K": 2, "context_class_counts": [19, 13], "compile": {"kl": 0.19754303991794586, "js": 0.043022625148296356, "agreement": 0.905434787273407, "accuracy": 0.9021739130434783, "log_loss": 0.266872763633728, "roc_auc": 0.9581674884651181}, "validation": {"kl": 0.1561126410961151, "js": 0.034634508192539215, "agreement": 0.9217391014099121, "accuracy": 0.908695652173913, "log_loss": 0.2681844234466553, "roc_auc": 0.953504029782768}, "test": {"kl": 0.16881126165390015, "js": 0.03685320168733597, "agreement": 0.9110628962516785, "accuracy": 0.9067245119305857, "log_loss": 0.2616746425628662, "roc_auc": 0.9589192169837331}, "generalization_gap_validation": -0.04143039882183075, "generalization_gap_test": -0.028731778264045715, "test_latency_seconds_median": 1.582953374949284, "test_latency_seconds_samples": [1.748382208053954, 1.582953374949284, 1.52122345904354], "process_peak_rss_bytes": 2297217024}
Gradients m=32: {'X': 3.198629140853882, 'y': None}
m=32 seed=43 stratified step=10 compile KL=0.131803 elapsed=10.9s
m=32 seed=43 stratified step=20 compile KL=0.112191 elapsed=21.9s
m=32 seed=43 stratified step=30 compile KL=0.105400 elapsed=32.5s
m=32 seed=43 stratified step=40 compile KL=0.092774 elapsed=43.9s
m=32 seed=43 stratified step=50 compile KL=0.084982 elapsed=54.3s
{"method": "synthetic_stratified", "rows": 32, "seed": 43, "compression": 86.25, "N": 2760, "d": 57, "K": 2, "context_class_counts": [19, 13], "compile": {"kl": 0.08498191833496094, "js": 0.020290004089474678, "agreement": 0.9510869383811951, "accuracy": 0.9456521739130435, "log_loss": 0.15523868799209595, "roc_auc": 0.9824303451553495}, "validation": {"kl": 0.07347028702497482, "js": 0.018597275018692017, "agreement": 0.9521738886833191, "accuracy": 0.9391304347826087, "log_loss": 0.17132727801799774, "roc_auc": 0.9799401968355809}, "test": {"kl": 0.08523688465356827, "js": 0.020584587007761, "agreement": 0.9414316415786743, "accuracy": 0.9370932754880694, "log_loss": 0.1759812980890274, "roc_auc": 0.9761313954862342}, "generalization_gap_validation": -0.011511631309986115, "generalization_gap_test": 0.0002549663186073303, "test_latency_seconds_median": 1.50552287499886, "test_latency_seconds_samples": [1.50552287499886, 1.5132815419929102, 1.4873255420243368], "process_peak_rss_bytes": 2297217024}
{"method": "stratified", "rows": 32, "seed": 44, "compression": 86.25, "N": 2760, "d": 57, "K": 2, "context_class_counts": [19, 13], "compile": {"kl": 0.22372323274612427, "js": 0.06761853396892548, "agreement": 0.9108695387840271, "accuracy": 0.9054347826086957, "log_loss": 0.31711238622665405, "roc_auc": 0.9562318065704271}, "validation": {"kl": 0.2123933732509613, "js": 0.06341519951820374, "agreement": 0.917391300201416, "accuracy": 0.9130434782608695, "log_loss": 0.31751447916030884, "roc_auc": 0.9455236737361136}, "test": {"kl": 0.22056327760219574, "js": 0.06534245610237122, "agreement": 0.9045553207397461, "accuracy": 0.9045553145336226, "log_loss": 0.3166656792163849, "roc_auc": 0.9491905943518847}, "generalization_gap_validation": -0.011329859495162964, "generalization_gap_test": -0.003159955143928528, "test_latency_seconds_median": 1.4442596250446513, "test_latency_seconds_samples": [1.4697004590416327, 1.4442596250446513, 1.435563875013031], "process_peak_rss_bytes": 2297217024}
Gradients m=32: {'X': 1.0578515529632568, 'y': None}
m=32 seed=44 stratified step=10 compile KL=0.142613 elapsed=10.4s
m=32 seed=44 stratified step=20 compile KL=0.122607 elapsed=20.7s
m=32 seed=44 stratified step=30 compile KL=0.122257 elapsed=31.2s
m=32 seed=44 stratified step=40 compile KL=0.100645 elapsed=40.9s
m=32 seed=44 stratified step=50 compile KL=0.104131 elapsed=51.5s
{"method": "synthetic_stratified", "rows": 32, "seed": 44, "compression": 86.25, "N": 2760, "d": 57, "K": 2, "context_class_counts": [19, 13], "compile": {"kl": 0.10064462572336197, "js": 0.02598430961370468, "agreement": 0.9413043260574341, "accuracy": 0.9358695652173913, "log_loss": 0.17720718681812286, "roc_auc": 0.9787966098338581}, "validation": {"kl": 0.11724407225847244, "js": 0.029798906296491623, "agreement": 0.926086962223053, "accuracy": 0.9130434782608695, "log_loss": 0.225237175822258, "roc_auc": 0.962217073605418}, "test": {"kl": 0.11813083291053772, "js": 0.030233001336455345, "agreement": 0.9392624497413635, "accuracy": 0.93058568329718, "log_loss": 0.21100544929504395, "roc_auc": 0.9706762771278901}, "generalization_gap_validation": 0.016599446535110474, "generalization_gap_test": 0.01748620718717575, "test_latency_seconds_median": 1.4712486250791699, "test_latency_seconds_samples": [1.4514434159500524, 1.4712486250791699, 1.4909061250509694], "process_peak_rss_bytes": 2297217024}
{"method": "stratified", "rows": 128, "seed": 42, "compression": 21.5625, "N": 2760, "d": 57, "K": 2, "context_class_counts": [78, 50], "compile": {"kl": 0.13487985730171204, "js": 0.03175028786063194, "agreement": 0.926086962223053, "accuracy": 0.9206521739130434, "log_loss": 0.20827986299991608, "roc_auc": 0.9715835957147666}, "validation": {"kl": 0.1535770297050476, "js": 0.0352267250418663, "agreement": 0.9239130616188049, "accuracy": 0.9065217391304348, "log_loss": 0.24396073818206787, "roc_auc": 0.961068536010614}, "test": {"kl": 0.13980446755886078, "js": 0.03170422464609146, "agreement": 0.9262472987174988, "accuracy": 0.9219088937093276, "log_loss": 0.2317844182252884, "roc_auc": 0.9701051636535507}, "generalization_gap_validation": 0.01869717240333557, "generalization_gap_test": 0.004924610257148743, "test_latency_seconds_median": 2.0875893339980394, "test_latency_seconds_samples": [2.8230141249950975, 2.0875893339980394, 2.055011291988194], "process_peak_rss_bytes": 2297217024}
Gradients m=128: {'X': 0.3866676688194275, 'y': None}
m=128 seed=42 stratified step=10 compile KL=0.121058 elapsed=15.4s
m=128 seed=42 stratified step=20 compile KL=0.099306 elapsed=28.9s
m=128 seed=42 stratified step=30 compile KL=0.080560 elapsed=43.6s
m=128 seed=42 stratified step=40 compile KL=0.071753 elapsed=56.3s
m=128 seed=42 stratified step=50 compile KL=0.067267 elapsed=69.4s
{"method": "synthetic_stratified", "rows": 128, "seed": 42, "compression": 21.5625, "N": 2760, "d": 57, "K": 2, "context_class_counts": [78, 50], "compile": {"kl": 0.06726676970720291, "js": 0.017523733898997307, "agreement": 0.9532608985900879, "accuracy": 0.9521739130434783, "log_loss": 0.14359836280345917, "roc_auc": 0.9867373611358641}, "validation": {"kl": 0.0992886945605278, "js": 0.025012066587805748, "agreement": 0.9347826242446899, "accuracy": 0.9217391304347826, "log_loss": 0.19981341063976288, "roc_auc": 0.973068773639082}, "test": {"kl": 0.08396033197641373, "js": 0.02224525436758995, "agreement": 0.9284164905548096, "accuracy": 0.9240780911062907, "log_loss": 0.17533423006534576, "roc_auc": 0.9809366260979164}, "generalization_gap_validation": 0.03202192485332489, "generalization_gap_test": 0.016693562269210815, "test_latency_seconds_median": 2.3541379999369383, "test_latency_seconds_samples": [2.3541379999369383, 2.24425033305306, 2.370838833041489], "process_peak_rss_bytes": 2297217024}
{"method": "stratified", "rows": 128, "seed": 43, "compression": 21.5625, "N": 2760, "d": 57, "K": 2, "context_class_counts": [78, 50], "compile": {"kl": 0.12137868255376816, "js": 0.029348064213991165, "agreement": 0.936956524848938, "accuracy": 0.9293478260869565, "log_loss": 0.1932033747434616, "roc_auc": 0.9748361353690171}, "validation": {"kl": 0.13689148426055908, "js": 0.03395754471421242, "agreement": 0.9130434989929199, "accuracy": 0.9043478260869565, "log_loss": 0.2314106523990631, "roc_auc": 0.9645537535396741}, "test": {"kl": 0.15280179679393768, "js": 0.035275109112262726, "agreement": 0.9305856823921204, "accuracy": 0.9175704989154013, "log_loss": 0.23210005462169647, "roc_auc": 0.9690220174091142}, "generalization_gap_validation": 0.015512801706790924, "generalization_gap_test": 0.031423114240169525, "test_latency_seconds_median": 2.1339718339731917, "test_latency_seconds_samples": [2.905952416942455, 2.1339718339731917, 2.0449615840334445], "process_peak_rss_bytes": 2297217024}
Gradients m=128: {'X': 0.9795926809310913, 'y': None}
m=128 seed=43 stratified step=10 compile KL=0.107155 elapsed=15.1s
m=128 seed=43 stratified step=20 compile KL=0.093431 elapsed=28.7s
m=128 seed=43 stratified step=30 compile KL=0.075165 elapsed=41.6s
m=128 seed=43 stratified step=40 compile KL=0.068337 elapsed=54.1s
m=128 seed=43 stratified step=50 compile KL=0.063651 elapsed=66.4s
{"method": "synthetic_stratified", "rows": 128, "seed": 43, "compression": 21.5625, "N": 2760, "d": 57, "K": 2, "context_class_counts": [78, 50], "compile": {"kl": 0.06365077197551727, "js": 0.015804825350642204, "agreement": 0.9543478488922119, "accuracy": 0.9467391304347826, "log_loss": 0.13602589070796967, "roc_auc": 0.9879552070338027}, "validation": {"kl": 0.07692889124155045, "js": 0.019074585288763046, "agreement": 0.949999988079071, "accuracy": 0.9282608695652174, "log_loss": 0.18386460840702057, "roc_auc": 0.9779995643478089}, "test": {"kl": 0.08106180280447006, "js": 0.018843114376068115, "agreement": 0.9457700848579407, "accuracy": 0.9370932754880694, "log_loss": 0.17955553531646729, "roc_auc": 0.9787506400409627}, "generalization_gap_validation": 0.013278119266033173, "generalization_gap_test": 0.01741103082895279, "test_latency_seconds_median": 2.0864613340236247, "test_latency_seconds_samples": [2.422071791952476, 2.0864613340236247, 2.0239615000318736], "process_peak_rss_bytes": 2297217024}
{"method": "stratified", "rows": 128, "seed": 44, "compression": 21.5625, "N": 2760, "d": 57, "K": 2, "context_class_counts": [78, 50], "compile": {"kl": 0.13101604580879211, "js": 0.032831087708473206, "agreement": 0.9326087236404419, "accuracy": 0.925, "log_loss": 0.2195051908493042, "roc_auc": 0.9675290599813858}, "validation": {"kl": 0.14170466363430023, "js": 0.03494939208030701, "agreement": 0.917391300201416, "accuracy": 0.908695652173913, "log_loss": 0.247603178024292, "roc_auc": 0.9580189706726866}, "test": {"kl": 0.13032227754592896, "js": 0.031757645308971405, "agreement": 0.9305856823921204, "accuracy": 0.9175704989154013, "log_loss": 0.2214352935552597, "roc_auc": 0.966678482807515}, "generalization_gap_validation": 0.010688617825508118, "generalization_gap_test": -0.0006937682628631592, "test_latency_seconds_median": 1.9938225410878658, "test_latency_seconds_samples": [2.016735833021812, 1.9886255420278758, 1.9938225410878658], "process_peak_rss_bytes": 2297217024}
Gradients m=128: {'X': 0.3730904757976532, 'y': None}
m=128 seed=44 stratified step=10 compile KL=0.089634 elapsed=13.2s
m=128 seed=44 stratified step=20 compile KL=0.080881 elapsed=25.5s
m=128 seed=44 stratified step=30 compile KL=0.066588 elapsed=37.6s
m=128 seed=44 stratified step=40 compile KL=0.059816 elapsed=50.1s
m=128 seed=44 stratified step=50 compile KL=0.056916 elapsed=62.2s
{"method": "synthetic_stratified", "rows": 128, "seed": 44, "compression": 21.5625, "N": 2760, "d": 57, "K": 2, "context_class_counts": [78, 50], "compile": {"kl": 0.05691572651267052, "js": 0.015290387906134129, "agreement": 0.9619565010070801, "accuracy": 0.9456521739130435, "log_loss": 0.14055319130420685, "roc_auc": 0.9864749797025684}, "validation": {"kl": 0.09740680456161499, "js": 0.0238807313144207, "agreement": 0.9347826242446899, "accuracy": 0.9260869565217391, "log_loss": 0.21229566633701324, "roc_auc": 0.970157824907424}, "test": {"kl": 0.06918526440858841, "js": 0.018152205273509026, "agreement": 0.9501084685325623, "accuracy": 0.9327548806941431, "log_loss": 0.18476912379264832, "roc_auc": 0.9767812832328961}, "generalization_gap_validation": 0.04049107804894447, "generalization_gap_test": 0.012269537895917892, "test_latency_seconds_median": 2.1226945410016924, "test_latency_seconds_samples": [2.1226945410016924, 2.0739534170133993, 2.13667420798447], "process_peak_rss_bytes": 2297217024}
